Archive member included to satisfy reference by file (symbol)

c:/ICPDAS/HMIWorks_Standard/lib/VPD-133-H-V.a(audio.o)
                              main.o (AudioHandler)
c:/ICPDAS/HMIWorks_Standard/lib/VPD-133-H-V.a(beep.o)
                              main.o (BuzzerInit)
c:/ICPDAS/HMIWorks_Standard/lib/VPD-133-H-V.a(touch.o)
                              main.o (hmi_LCDIdleSetTimeout)
c:/ICPDAS/HMIWorks_Standard/lib/VPD-133-H-V.a(grlib_raster_driver_16bpp.o)
                              main.o (hmi_BacklightSet)
c:/ICPDAS/HMIWorks_Standard/lib/VPD-133-H-V.a(hmi_Init.o)
                              main.o (hmi_GTimerProcess)
c:/ICPDAS/HMIWorks_Standard/lib/VPD-133-H-V.a(hmi_tcp.o)
                              main.o (hmi_TCPInit)
c:/ICPDAS/HMIWorks_Standard/lib/VPD-133-H-V.a(mbrtum.o)
                              _frame0.o (mrm_ReadAIO)
c:/ICPDAS/HMIWorks_Standard/lib/VPD-133-H-V.a(mutil.o)
                              c:/ICPDAS/HMIWorks_Standard/lib/VPD-133-H-V.a(mbrtum.o) (mu_DelayUS)
c:/ICPDAS/HMIWorks_Standard/lib/VPD-133-H-V.a(ssiflash.o)
                              c:/ICPDAS/HMIWorks_Standard/lib/VPD-133-H-V.a(hmi_Init.o) (SSIFlashInit)
c:/ICPDAS/HMIWorks_Standard/lib/VPD-133-H-V.a(extram.o)
                              c:/ICPDAS/HMIWorks_Standard/lib/VPD-133-H-V.a(hmi_Init.o) (SDRAMInit)
c:/ICPDAS/HMIWorks_Standard/lib/VPD-133-H-V.a(hmi_uart.o)
                              c:/ICPDAS/HMIWorks_Standard/lib/VPD-133-H-V.a(hmi_Init.o) (uart_Init)
c:/ICPDAS/HMIWorks_Standard/lib/VPD-133-H-V.a(serial.o)
                              c:/ICPDAS/HMIWorks_Standard/lib/VPD-133-H-V/startup_gcc.o (SerialUART0IntHandler)
c:/ICPDAS/HMIWorks_Standard/lib/VPD-133-H-V.a(ringbuf.o)
                              c:/ICPDAS/HMIWorks_Standard/lib/VPD-133-H-V.a(serial.o) (RingBufFull)
c:/ICPDAS/HMIWorks_Standard/lib/VPD-133-H-V.a(vpanel.o)
                              main.o (hmi_ShowPanelLed)
c:/ICPDAS/HMIWorks_Standard/lib/VPD-133-H-V.a(i2cs_dev.o)
                              c:/ICPDAS/HMIWorks_Standard/lib/VPD-133-H-V/startup_gcc.o (I2CIntHandler)
c:/ICPDAS/HMIWorks_Standard/lib/VPD-133-H-V.a(ustdlib.o)
                              _Frame1.o (usprintf)
c:/ICPDAS/HMIWorks_Standard/lib/VPD-133-H-V.a(rotary.o)
                              main.o (GetRotaryID)
c:/ICPDAS/HMIWorks_Standard/lib/VPD-133-H-V.a(usb_dfu.o)
                              c:/ICPDAS/HMIWorks_Standard/lib/VPD-133-H-V.a(hmi_Init.o) (hmi_dfu_init)
c:/ICPDAS/HMIWorks_Standard/lib/VPD-133-H-V.a(usbdhandler.o)
                              c:/ICPDAS/HMIWorks_Standard/lib/VPD-133-H-V/startup_gcc.o (USB0DeviceIntHandler)
c:/ICPDAS/HMIWorks_Standard/lib/VPD-133-H-V.a(usbdhidmouse.o)
                              c:/ICPDAS/HMIWorks_Standard/lib/VPD-133-H-V.a(usb_dfu.o) (USBDHIDMouseCompositeInit)
c:/ICPDAS/HMIWorks_Standard/lib/VPD-133-H-V.a(usbdenum.o)
                              c:/ICPDAS/HMIWorks_Standard/lib/VPD-133-H-V.a(usb_dfu.o) (USBDCDTerm)
c:/ICPDAS/HMIWorks_Standard/lib/VPD-133-H-V.a(usbdcdesc.o)
                              c:/ICPDAS/HMIWorks_Standard/lib/VPD-133-H-V.a(usbdenum.o) (USBDCDConfigDescGetSize)
c:/ICPDAS/HMIWorks_Standard/lib/VPD-133-H-V.a(usbdconfig.o)
                              c:/ICPDAS/HMIWorks_Standard/lib/VPD-133-H-V.a(usbdenum.o) (USBDeviceConfig)
c:/ICPDAS/HMIWorks_Standard/lib/VPD-133-H-V.a(usbtick.o)
                              c:/ICPDAS/HMIWorks_Standard/lib/VPD-133-H-V.a(usbdenum.o) (InternalUSBTickInit)
c:/ICPDAS/HMIWorks_Standard/lib/VPD-133-H-V.a(usbdesc.o)
                              c:/ICPDAS/HMIWorks_Standard/lib/VPD-133-H-V.a(usbdcdesc.o) (USBDescGetNum)
c:/ICPDAS/HMIWorks_Standard/lib/VPD-133-H-V.a(usbddfu-rt.o)
                              c:/ICPDAS/HMIWorks_Standard/lib/VPD-133-H-V.a(usb_dfu.o) (USBDDFUCompositeInit)
c:/ICPDAS/HMIWorks_Standard/lib/VPD-133-H-V.a(usbdcomp.o)
                              c:/ICPDAS/HMIWorks_Standard/lib/VPD-133-H-V.a(usb_dfu.o) (USBDCompositeInit)
c:/ICPDAS/HMIWorks_Standard/lib/VPD-133-H-V.a(usbulpi.o)
                              c:/ICPDAS/HMIWorks_Standard/lib/VPD-133-H-V.a(usbdenum.o) (ULPIConfigSet)
c:/ICPDAS/HMIWorks_Standard/lib/VPD-133-H-V.a(usbdma.o)
                              c:/ICPDAS/HMIWorks_Standard/lib/VPD-133-H-V.a(usbdenum.o) (USBLibDMAInit)
c:/ICPDAS/HMIWorks_Standard/lib/VPD-133-H-V.a(usbmode.o)
                              c:/ICPDAS/HMIWorks_Standard/lib/VPD-133-H-V.a(usbdenum.o) (g_iUSBMode)
c:/ICPDAS/HMIWorks_Standard/lib/VPD-133-H-V.a(sysctl.o)
                              c:/ICPDAS/HMIWorks_Standard/lib/VPD-133-H-V/lwiplib_m4.o (SysCtlPeripheralPresent)
c:/ICPDAS/HMIWorks_Standard/lib/VPD-133-H-V.a(i2cm_drv.o)
                              c:/ICPDAS/HMIWorks_Standard/lib/VPD-133-H-V.a(i2cs_dev.o) (I2CMIntHandler)
c:/ICPDAS/HMIWorks_Standard/lib/VPD-133-H-V.a(eeprom_bl.o)
                              c:/ICPDAS/HMIWorks_Standard/lib/VPD-133-H-V.a(usb_dfu.o) (hmi_EEPBL_SetUsbUpdateRequest)
[...]
Memory Configuration

Name             Origin             Length             Attributes
FLASH            0x00004000         0x000fc000         xr
SRAM             0x20000000         0x00040000         xrw
IMG              0x10000000         0x00e00000         xrw
*default*        0x00000000         0xffffffff

Linker script and memory map


.text           0x00004000    0x13350
                0x00004000                _text = .
 *(.isr_vector)
 .isr_vector    0x00004000      0x200 c:/ICPDAS/HMIWorks_Standard/lib/VPD-133-H-V/startup_gcc.o
                0x00004000                g_pfnVectors
 *(.text*)
 .text.SysTickIntHandler
                0x00004200        0xc main.o
                0x00004200                SysTickIntHandler
 .text.main     0x0000420c      0x1f6 main.o
                0x0000420c                main
 .text.hmi_Ladder_Process
                0x00004402       0x16 _frame0.o
                0x00004402                hmi_Ladder_Process
 .text.hmi_TimerTrigger
                0x00004418       0xba _frame0.o
                0x00004418                hmi_TimerTrigger
 .text.hmi_FreeCurrentFrame
                0x000044d2       0x18 _frame0.o
                0x000044d2                hmi_FreeCurrentFrame
 .text.hmi_GotoFrameAction
                0x000044ea       0x3c _frame0.o
                0x000044ea                hmi_GotoFrameAction
 .text.polling_Pump
                0x00004526      0x278 _frame0.o
                0x00004526                polling_Pump
 .text.polling_Needles
                0x0000479e      0x278 _frame0.o
                0x0000479e                polling_Needles
 .text.hmi_Connection_Process0
                0x00004a16       0xbc _frame0.o
                0x00004a16                hmi_Connection_Process0
 .text.hmi_IOScan_Process
                0x00004ad2       0x1c _frame0.o
                0x00004ad2                hmi_IOScan_Process
 .text.hmi_frame0
                0x00004aee       0x5c _frame0.o
                0x00004aee                hmi_frame0
 .text.CheckBox8_display_Needles_Start
                0x00004b4a       0xa6 _Frame1.o
 .text.display_Needles_Start
                0x00004bf0        0x8 _Frame1.o
 .text.CheckBox16_display_Pump_Start
                0x00004bf8       0xa6 _Frame1.o
 .text.display_Pump_Start
                0x00004c9e        0x8 _Frame1.o
 .text.Label5_display_Needles_SPEED_SET
                0x00004ca6       0x44 _Frame1.o
 .text.display_Needles_SPEED_SET
                0x00004cea        0x8 _Frame1.o
 .text.Label18_display_Pump_ERROR_D1
                0x00004cf2       0x44 _Frame1.o
 .text.display_Pump_ERROR_D1
                0x00004d36        0x8 _Frame1.o
 .text.Label4_display_Pump_SPEED_SET
                0x00004d3e       0x44 _Frame1.o
 .text.display_Pump_SPEED_SET
                0x00004d82        0x8 _Frame1.o
 .text.Label6_display_Pump_Bar
                0x00004d8a       0x3c _Frame1.o
 .text.display_Pump_Bar
                0x00004dc6        0x8 _Frame1.o
 .text.hmi_OnCheckBox8CheckChange
                0x00004dce       0x14 _Frame1.o
                0x00004dce                hmi_OnCheckBox8CheckChange
 .text.hmi_OnCheckBox16CheckChange
                0x00004de2       0x14 _Frame1.o
                0x00004de2                hmi_OnCheckBox16CheckChange
 .text.hmi_renderFrame12Vector
                0x00004df6      0x1aa _Frame1.o
                0x00004df6                hmi_renderFrame12Vector
 .text.hmi_OnFrame12Paint
                0x00004fa0       0x30 _Frame1.o
                0x00004fa0                hmi_OnFrame12Paint
 .text.hmi_InitFrameWidgets1
                0x00004fd0      0x1e0 _Frame1.o
                0x00004fd0                hmi_InitFrameWidgets1
 .text.hmi_FreeFrameWidgets1
                0x000051b0       0x9e _Frame1.o
                0x000051b0                hmi_FreeFrameWidgets1
 .text.hmi_Frame1
                0x0000524e       0x18 _Frame1.o
                0x0000524e                hmi_Frame1
 .text.__var_count
                0x00005266        0x4 _dict.o
                0x00005266                __var_count
 .text.passDataThruBindingOnChange
                0x0000526a        0x2 _dict.o
                0x0000526a                passDataThruBindingOnChange
 .text.ladder_main
                0x0000526c        0xa ladder.o
                0x0000526c                ladder_main
 .text.r9       0x00005276       0x1e ladder_injector_3_final_ldx.o
 .text.r8       0x00005294       0x1c ladder_injector_3_final_ldx.o
 .text.r7       0x000052b0       0x1e ladder_injector_3_final_ldx.o
 .text.r6       0x000052ce       0x1c ladder_injector_3_final_ldx.o
 .text.r5       0x000052ea       0x30 ladder_injector_3_final_ldx.o
 .text.r4       0x0000531a       0x30 ladder_injector_3_final_ldx.o
 .text.r3       0x0000534a       0x5a ladder_injector_3_final_ldx.o
 .text.r2       0x000053a4       0x30 ladder_injector_3_final_ldx.o
 .text.r1       0x000053d4       0x30 ladder_injector_3_final_ldx.o
 .text.r0       0x00005404       0x20 ladder_injector_3_final_ldx.o
 .text.ladder_injector_3_final_ldx
                0x00005424       0x30 ladder_injector_3_final_ldx.o
                0x00005424                ladder_injector_3_final_ldx
 .text.NmiSR    0x00005454        0x2 c:/ICPDAS/HMIWorks_Standard/lib/VPD-133-H-V/startup_gcc.o
 .text.FaultISR
                0x00005456        0x2 c:/ICPDAS/HMIWorks_Standard/lib/VPD-133-H-V/startup_gcc.o
 .text.IntDefaultHandler
                0x00005458        0x2 c:/ICPDAS/HMIWorks_Standard/lib/VPD-133-H-V/startup_gcc.o
 *fill*         0x0000545a        0x2 
 .text.ResetISR
                0x0000545c       0x60 c:/ICPDAS/HMIWorks_Standard/lib/VPD-133-H-V/startup_gcc.o
                0x0000545c                ResetISR
 .text.dhcp_set_state
                0x000054bc       0x10 c:/ICPDAS/HMIWorks_Standard/lib/VPD-133-H-V/lwiplib_m4.o
 .text.dhcp_option
                0x000054cc       0x1c c:/ICPDAS/HMIWorks_Standard/lib/VPD-133-H-V/lwiplib_m4.o
 .text.dhcp_option_byte
                0x000054e8       0x12 c:/ICPDAS/HMIWorks_Standard/lib/VPD-133-H-V/lwiplib_m4.o
 .text.dhcp_option_short
                0x000054fa       0x1e c:/ICPDAS/HMIWorks_Standard/lib/VPD-133-H-V/lwiplib_m4.o
 .text.dhcp_option_long
                0x00005518       0x36 c:/ICPDAS/HMIWorks_Standard/lib/VPD-133-H-V/lwiplib_m4.o
 .text.dhcp_option_trailer
                0x0000554e       0x2a c:/ICPDAS/HMIWorks_Standard/lib/VPD-133-H-V/lwiplib_m4.o
 .text.dns_parse_name
                0x00005578       0x1e c:/ICPDAS/HMIWorks_Standard/lib/VPD-133-H-V/lwiplib_m4.o
 .text.tcp_parseopt
                0x00005596       0x80 c:/ICPDAS/HMIWorks_Standard/lib/VPD-133-H-V/lwiplib_m4.o
 .text.lwip_standard_chksum
                0x00005616       0x6a c:/ICPDAS/HMIWorks_Standard/lib/VPD-133-H-V/lwiplib_m4.o
 .text.etharp_send_ip
                0x00005680       0x24 c:/ICPDAS/HMIWorks_Standard/lib/VPD-133-H-V/lwiplib_m4.o
 .text.lwip_htonl
                0x000056a4        0x4 c:/ICPDAS/HMIWorks_Standard/lib/VPD-133-H-V/lwiplib_m4.o
                0x000056a4                lwip_htonl
 .text.dns_setserver
                0x000056a8       0x24 c:/ICPDAS/HMIWorks_Standard/lib/VPD-133-H-V/lwiplib_m4.o
                0x000056a8                dns_setserver
 .text.mem_init
                0x000056cc       0x4e c:/ICPDAS/HMIWorks_Standard/lib/VPD-133-H-V/lwiplib_m4.o
                0x000056cc                mem_init
 .text.mem_malloc
                0x0000571a      0x110 c:/ICPDAS/HMIWorks_Standard/lib/VPD-133-H-V/lwiplib_m4.o
                0x0000571a                mem_malloc
 .text.memp_init
                0x0000582a       0x84 c:/ICPDAS/HMIWorks_Standard/lib/VPD-133-H-V/lwiplib_m4.o
                0x0000582a                memp_init
 .text.netif_set_link_down
                0x000058ae       0x12 c:/ICPDAS/HMIWorks_Standard/lib/VPD-133-H-V/lwiplib_m4.o
                0x000058ae                netif_set_link_down
 .text.pbuf_header
                0x000058c0       0x56 c:/ICPDAS/HMIWorks_Standard/lib/VPD-133-H-V/lwiplib_m4.o
                0x000058c0                pbuf_header
 .text.pbuf_clen
                0x00005916       0x10 c:/ICPDAS/HMIWorks_Standard/lib/VPD-133-H-V/lwiplib_m4.o
                0x00005916                pbuf_clen
 .text.pbuf_cat
                0x00005926       0x1e c:/ICPDAS/HMIWorks_Standard/lib/VPD-133-H-V/lwiplib_m4.o
                0x00005926                pbuf_cat
 .text.pbuf_copy
                0x00005944       0x8e c:/ICPDAS/HMIWorks_Standard/lib/VPD-133-H-V/lwiplib_m4.o
                0x00005944                pbuf_copy
 .text.pbuf_copy_partial
                0x000059d2       0x5c c:/ICPDAS/HMIWorks_Standard/lib/VPD-133-H-V/lwiplib_m4.o
                0x000059d2                pbuf_copy_partial
 .text.raw_input
                0x00005a2e       0x80 c:/ICPDAS/HMIWorks_Standard/lib/VPD-133-H-V/lwiplib_m4.o
                0x00005a2e                raw_input
 .text.tcp_update_rcv_ann_wnd
                0x00005aae       0x38 c:/ICPDAS/HMIWorks_Standard/lib/VPD-133-H-V/lwiplib_m4.o
                0x00005aae                tcp_update_rcv_ann_wnd
 .text.tcp_next_iss
                0x00005ae6       0x1a c:/ICPDAS/HMIWorks_Standard/lib/VPD-133-H-V/lwiplib_m4.o
                0x00005ae6                tcp_next_iss
 .text.tcp_rexmit
                0x00005b00       0x4c c:/ICPDAS/HMIWorks_Standard/lib/VPD-133-H-V/lwiplib_m4.o
                0x00005b00                tcp_rexmit
 .text.tcp_rexmit_fast
                0x00005b4c       0x4e c:/ICPDAS/HMIWorks_Standard/lib/VPD-133-H-V/lwiplib_m4.o
                0x00005b4c                tcp_rexmit_fast
 .text.udp_bind
                0x00005b9a       0x98 c:/ICPDAS/HMIWorks_Standard/lib/VPD-133-H-V/lwiplib_m4.o
                0x00005b9a                udp_bind
 .text.udp_connect
                0x00005c32       0x4a c:/ICPDAS/HMIWorks_Standard/lib/VPD-133-H-V/lwiplib_m4.o
                0x00005c32                udp_connect
 .text.inet_chksum_pseudo
                0x00005c7c       0x82 c:/ICPDAS/HMIWorks_Standard/lib/VPD-133-H-V/lwiplib_m4.o
                0x00005c7c                inet_chksum_pseudo
 .text.inet_chksum
                0x00005cfe        0xc c:/ICPDAS/HMIWorks_Standard/lib/VPD-133-H-V/lwiplib_m4.o
                0x00005cfe                inet_chksum
 .text.inet_chksum_pbuf
                0x00005d0a       0x46 c:/ICPDAS/HMIWorks_Standard/lib/VPD-133-H-V/lwiplib_m4.o
                0x00005d0a                inet_chksum_pbuf
 .text.ip_route
                0x00005d50       0x4e c:/ICPDAS/HMIWorks_Standard/lib/VPD-133-H-V/lwiplib_m4.o
                0x00005d50                ip_route
 .text.tcp_eff_send_mss
                0x00005d9e       0x1e c:/ICPDAS/HMIWorks_Standard/lib/VPD-133-H-V/lwiplib_m4.o
                0x00005d9e                tcp_eff_send_mss
 .text.ip_output_if
                0x00005dbc       0xe2 c:/ICPDAS/HMIWorks_Standard/lib/VPD-133-H-V/lwiplib_m4.o
                0x00005dbc                ip_output_if
 .text.ip_output
                0x00005e9e       0x46 c:/ICPDAS/HMIWorks_Standard/lib/VPD-133-H-V/lwiplib_m4.o
                0x00005e9e                ip_output
 .text.ip4_addr_isbroadcast
                0x00005ee4       0x36 c:/ICPDAS/HMIWorks_Standard/lib/VPD-133-H-V/lwiplib_m4.o
                0x00005ee4                ip4_addr_isbroadcast
 .text.ipaddr_aton
                0x00005f1a      0x10a c:/ICPDAS/HMIWorks_Standard/lib/VPD-133-H-V/lwiplib_m4.o
                0x00005f1a                ipaddr_aton
 .text.ipaddr_addr
                0x00006024       0x18 c:/ICPDAS/HMIWorks_Standard/lib/VPD-133-H-V/lwiplib_m4.o
                0x00006024                ipaddr_addr
 .text.sys_arch_protect
                0x0000603c        0x4 c:/ICPDAS/HMIWorks_Standard/lib/VPD-133-H-V/lwiplib_m4.o
                0x0000603c                sys_arch_protect
 .text.sys_arch_unprotect
                0x00006040        0xa c:/ICPDAS/HMIWorks_Standard/lib/VPD-133-H-V/lwiplib_m4.o
                0x00006040                sys_arch_unprotect
 .text.mem_free
                0x0000604a       0xbe c:/ICPDAS/HMIWorks_Standard/lib/VPD-133-H-V/lwiplib_m4.o
                0x0000604a                mem_free
 .text.mem_trim
                0x00006108      0x112 c:/ICPDAS/HMIWorks_Standard/lib/VPD-133-H-V/lwiplib_m4.o
                0x00006108                mem_trim
 .text.memp_malloc
                0x0000621a       0x62 c:/ICPDAS/HMIWorks_Standard/lib/VPD-133-H-V/lwiplib_m4.o
                0x0000621a                memp_malloc
 .text.sys_timeout
                0x0000627c       0x58 c:/ICPDAS/HMIWorks_Standard/lib/VPD-133-H-V/lwiplib_m4.o
                0x0000627c                sys_timeout
 .text.tcp_timer_needed
                0x000062d4       0x3a c:/ICPDAS/HMIWorks_Standard/lib/VPD-133-H-V/lwiplib_m4.o
                0x000062d4                tcp_timer_needed
 .text.sys_timeouts_init
                0x0000630e       0x60 c:/ICPDAS/HMIWorks_Standard/lib/VPD-133-H-V/lwiplib_m4.o
                0x0000630e                sys_timeouts_init
 .text.udp_new  0x0000636e       0x1c c:/ICPDAS/HMIWorks_Standard/lib/VPD-133-H-V/lwiplib_m4.o
                0x0000636e                udp_new
 .text.dns_init
                0x0000638a       0x62 c:/ICPDAS/HMIWorks_Standard/lib/VPD-133-H-V/lwiplib_m4.o
                0x0000638a                dns_init
 .text.lwip_init
                0x000063ec       0x16 c:/ICPDAS/HMIWorks_Standard/lib/VPD-133-H-V/lwiplib_m4.o
                0x000063ec                lwip_init
 .text.memp_free
                0x00006402       0x40 c:/ICPDAS/HMIWorks_Standard/lib/VPD-133-H-V/lwiplib_m4.o
                0x00006402                memp_free
 .text.udp_remove
                0x00006442       0x2e c:/ICPDAS/HMIWorks_Standard/lib/VPD-133-H-V/lwiplib_m4.o
                0x00006442                udp_remove
 .text.dhcp_stop
                0x00006470       0x2e c:/ICPDAS/HMIWorks_Standard/lib/VPD-133-H-V/lwiplib_m4.o
                0x00006470                dhcp_stop
 .text.pbuf_free
                0x0000649e       0x50 c:/ICPDAS/HMIWorks_Standard/lib/VPD-133-H-V/lwiplib_m4.o
                0x0000649e                pbuf_free
 .text.dhcp_delete_msg
                0x000064ee       0x16 c:/ICPDAS/HMIWorks_Standard/lib/VPD-133-H-V/lwiplib_m4.o
 .text.dns_recv
                0x00006504      0x190 c:/ICPDAS/HMIWorks_Standard/lib/VPD-133-H-V/lwiplib_m4.o
 .text.pbuf_realloc
                0x00006694       0x4c c:/ICPDAS/HMIWorks_Standard/lib/VPD-133-H-V/lwiplib_m4.o
                0x00006694                pbuf_realloc
 .text.tcp_seg_free
                0x000066e0       0x1c c:/ICPDAS/HMIWorks_Standard/lib/VPD-133-H-V/lwiplib_m4.o
                0x000066e0                tcp_seg_free
 .text.tcp_segs_free
                0x000066fc       0x10 c:/ICPDAS/HMIWorks_Standard/lib/VPD-133-H-V/lwiplib_m4.o
                0x000066fc                tcp_segs_free
 .text.tcp_oos_insert_segment
                0x0000670c       0x70 c:/ICPDAS/HMIWorks_Standard/lib/VPD-133-H-V/lwiplib_m4.o
 .text.tcp_pcb_purge
                0x0000677c       0x6c c:/ICPDAS/HMIWorks_Standard/lib/VPD-133-H-V/lwiplib_m4.o
                0x0000677c                tcp_pcb_purge
 .text.tcp_create_segment
                0x000067e8       0x9c c:/ICPDAS/HMIWorks_Standard/lib/VPD-133-H-V/lwiplib_m4.o
 .text.etharp_free_entry
                0x00006884       0x28 c:/ICPDAS/HMIWorks_Standard/lib/VPD-133-H-V/lwiplib_m4.o
 .text.etharp_tmr
                0x000068ac       0x40 c:/ICPDAS/HMIWorks_Standard/lib/VPD-133-H-V/lwiplib_m4.o
                0x000068ac                etharp_tmr
 .text.arp_timer
                0x000068ec       0x1c c:/ICPDAS/HMIWorks_Standard/lib/VPD-133-H-V/lwiplib_m4.o
 .text.etharp_cleanup_netif
                0x00006908       0x2a c:/ICPDAS/HMIWorks_Standard/lib/VPD-133-H-V/lwiplib_m4.o
                0x00006908                etharp_cleanup_netif
 .text.netif_set_down
                0x00006932       0x1a c:/ICPDAS/HMIWorks_Standard/lib/VPD-133-H-V/lwiplib_m4.o
                0x00006932                netif_set_down
 .text.etharp_find_entry
                0x0000694c       0xde c:/ICPDAS/HMIWorks_Standard/lib/VPD-133-H-V/lwiplib_m4.o
 .text.pbuf_ref
                0x00006a2a       0x1a c:/ICPDAS/HMIWorks_Standard/lib/VPD-133-H-V/lwiplib_m4.o
                0x00006a2a                pbuf_ref
 .text.pbuf_chain
                0x00006a44       0x10 c:/ICPDAS/HMIWorks_Standard/lib/VPD-133-H-V/lwiplib_m4.o
                0x00006a44                pbuf_chain
 .text.tcp_seg_copy
                0x00006a54       0x2c c:/ICPDAS/HMIWorks_Standard/lib/VPD-133-H-V/lwiplib_m4.o
                0x00006a54                tcp_seg_copy
 .text.pbuf_alloc
                0x00006a80      0x122 c:/ICPDAS/HMIWorks_Standard/lib/VPD-133-H-V/lwiplib_m4.o
                0x00006a80                pbuf_alloc
 .text.dhcp_create_msg
                0x00006ba2      0x11c c:/ICPDAS/HMIWorks_Standard/lib/VPD-133-H-V/lwiplib_m4.o
 .text.tcp_enqueue_flags
                0x00006cbe       0xc4 c:/ICPDAS/HMIWorks_Standard/lib/VPD-133-H-V/lwiplib_m4.o
                0x00006cbe                tcp_enqueue_flags
 .text.tcp_send_fin
                0x00006d82       0x38 c:/ICPDAS/HMIWorks_Standard/lib/VPD-133-H-V/lwiplib_m4.o
                0x00006d82                tcp_send_fin
 .text.tcp_rst  0x00006dba       0xa8 c:/ICPDAS/HMIWorks_Standard/lib/VPD-133-H-V/lwiplib_m4.o
                0x00006dba                tcp_rst
 .text.icmp_input
                0x00006e62      0x1a8 c:/ICPDAS/HMIWorks_Standard/lib/VPD-133-H-V/lwiplib_m4.o
                0x00006e62                icmp_input
 .text.tivaif_transmit
                0x0000700a      0x166 c:/ICPDAS/HMIWorks_Standard/lib/VPD-133-H-V/lwiplib_m4.o
 .text.udp_sendto_if
                0x00007170       0xf6 c:/ICPDAS/HMIWorks_Standard/lib/VPD-133-H-V/lwiplib_m4.o
                0x00007170                udp_sendto_if
 .text.dhcp_discover
                0x00007266       0xa8 c:/ICPDAS/HMIWorks_Standard/lib/VPD-133-H-V/lwiplib_m4.o
 .text.dhcp_start
                0x0000730e       0xae c:/ICPDAS/HMIWorks_Standard/lib/VPD-133-H-V/lwiplib_m4.o
                0x0000730e                dhcp_start
 .text.dhcp_renew
                0x000073bc       0x86 c:/ICPDAS/HMIWorks_Standard/lib/VPD-133-H-V/lwiplib_m4.o
                0x000073bc                dhcp_renew
 .text.udp_sendto
                0x00007442       0x3e c:/ICPDAS/HMIWorks_Standard/lib/VPD-133-H-V/lwiplib_m4.o
                0x00007442                udp_sendto
 .text.dhcp_reboot.isra.0
                0x00007480       0x9e c:/ICPDAS/HMIWorks_Standard/lib/VPD-133-H-V/lwiplib_m4.o
 .text.dhcp_network_changed
                0x0000751e       0x3e c:/ICPDAS/HMIWorks_Standard/lib/VPD-133-H-V/lwiplib_m4.o
                0x0000751e                dhcp_network_changed
 .text.dhcp_rebind.isra.0
                0x0000755c       0x86 c:/ICPDAS/HMIWorks_Standard/lib/VPD-133-H-V/lwiplib_m4.o
 .text.dhcp_coarse_tmr
                0x000075e2       0x56 c:/ICPDAS/HMIWorks_Standard/lib/VPD-133-H-V/lwiplib_m4.o
                0x000075e2                dhcp_coarse_tmr
 .text.dhcp_timer_coarse
                0x00007638       0x1c c:/ICPDAS/HMIWorks_Standard/lib/VPD-133-H-V/lwiplib_m4.o
 .text.dhcp_arp_reply
                0x00007654       0x80 c:/ICPDAS/HMIWorks_Standard/lib/VPD-133-H-V/lwiplib_m4.o
                0x00007654                dhcp_arp_reply
 .text.dhcp_select.isra.0
                0x000076d4       0xce c:/ICPDAS/HMIWorks_Standard/lib/VPD-133-H-V/lwiplib_m4.o
 .text.icmp_dest_unreach
                0x000077a2       0x82 c:/ICPDAS/HMIWorks_Standard/lib/VPD-133-H-V/lwiplib_m4.o
                0x000077a2                icmp_dest_unreach
 .text.udp_input
                0x00007824      0x20c c:/ICPDAS/HMIWorks_Standard/lib/VPD-133-H-V/lwiplib_m4.o
                0x00007824                udp_input
 .text.etharp_request
                0x00007a30       0xb8 c:/ICPDAS/HMIWorks_Standard/lib/VPD-133-H-V/lwiplib_m4.o
                0x00007a30                etharp_request
 .text.netif_set_up
                0x00007ae8       0x22 c:/ICPDAS/HMIWorks_Standard/lib/VPD-133-H-V/lwiplib_m4.o
                0x00007ae8                netif_set_up
 .text.etharp_output_to_arp_index
                0x00007b0a       0x4c c:/ICPDAS/HMIWorks_Standard/lib/VPD-133-H-V/lwiplib_m4.o
 .text.netif_set_link_up
                0x00007b56       0x36 c:/ICPDAS/HMIWorks_Standard/lib/VPD-133-H-V/lwiplib_m4.o
                0x00007b56                netif_set_link_up
 .text.etharp_query
                0x00007b8c      0x110 c:/ICPDAS/HMIWorks_Standard/lib/VPD-133-H-V/lwiplib_m4.o
                0x00007b8c                etharp_query
 .text.dhcp_check
                0x00007c9c       0x26 c:/ICPDAS/HMIWorks_Standard/lib/VPD-133-H-V/lwiplib_m4.o
 .text.etharp_output
                0x00007cc2      0x122 c:/ICPDAS/HMIWorks_Standard/lib/VPD-133-H-V/lwiplib_m4.o
                0x00007cc2                etharp_output
 .text.tcp_output_alloc_header.constprop.0
                0x00007de4       0x50 c:/ICPDAS/HMIWorks_Standard/lib/VPD-133-H-V/lwiplib_m4.o
 .text.tcp_zero_window_probe
                0x00007e34       0xb0 c:/ICPDAS/HMIWorks_Standard/lib/VPD-133-H-V/lwiplib_m4.o
                0x00007e34                tcp_zero_window_probe
 .text.tcp_keepalive
                0x00007ee4       0x64 c:/ICPDAS/HMIWorks_Standard/lib/VPD-133-H-V/lwiplib_m4.o
                0x00007ee4                tcp_keepalive
 .text.tcp_send_empty_ack
                0x00007f48       0x5a c:/ICPDAS/HMIWorks_Standard/lib/VPD-133-H-V/lwiplib_m4.o
                0x00007f48                tcp_send_empty_ack
 .text.tcp_output
                0x00007fa2      0x21e c:/ICPDAS/HMIWorks_Standard/lib/VPD-133-H-V/lwiplib_m4.o
                0x00007fa2                tcp_output
 .text.tcp_recved
                0x000081c0       0x36 c:/ICPDAS/HMIWorks_Standard/lib/VPD-133-H-V/lwiplib_m4.o
                0x000081c0                tcp_recved
 .text.tcp_pcb_remove
                0x000081f6       0x66 c:/ICPDAS/HMIWorks_Standard/lib/VPD-133-H-V/lwiplib_m4.o
                0x000081f6                tcp_pcb_remove
 .text.tcp_abandon
                0x0000825c       0xa0 c:/ICPDAS/HMIWorks_Standard/lib/VPD-133-H-V/lwiplib_m4.o
                0x0000825c                tcp_abandon
 .text.tcp_abort
                0x000082fc        0x6 c:/ICPDAS/HMIWorks_Standard/lib/VPD-133-H-V/lwiplib_m4.o
                0x000082fc                tcp_abort
 .text.netif_set_ipaddr
                0x00008302       0x52 c:/ICPDAS/HMIWorks_Standard/lib/VPD-133-H-V/lwiplib_m4.o
                0x00008302                netif_set_ipaddr
 .text.netif_set_addr
                0x00008354       0x1a c:/ICPDAS/HMIWorks_Standard/lib/VPD-133-H-V/lwiplib_m4.o
                0x00008354                netif_set_addr
 .text.netif_add
                0x0000836e       0x52 c:/ICPDAS/HMIWorks_Standard/lib/VPD-133-H-V/lwiplib_m4.o
                0x0000836e                netif_add
 .text.dhcp_bind
                0x000083c0       0xb6 c:/ICPDAS/HMIWorks_Standard/lib/VPD-133-H-V/lwiplib_m4.o
 .text.dhcp_recv
                0x00008476      0x3aa c:/ICPDAS/HMIWorks_Standard/lib/VPD-133-H-V/lwiplib_m4.o
 .text.dhcp_release
                0x00008820       0xa0 c:/ICPDAS/HMIWorks_Standard/lib/VPD-133-H-V/lwiplib_m4.o
                0x00008820                dhcp_release
 .text.dhcp_fine_tmr
                0x000088c0       0x9a c:/ICPDAS/HMIWorks_Standard/lib/VPD-133-H-V/lwiplib_m4.o
                0x000088c0                dhcp_fine_tmr
 .text.dhcp_timer_fine
                0x0000895a       0x1c c:/ICPDAS/HMIWorks_Standard/lib/VPD-133-H-V/lwiplib_m4.o
 .text.tcp_alloc
                0x00008976      0x132 c:/ICPDAS/HMIWorks_Standard/lib/VPD-133-H-V/lwiplib_m4.o
                0x00008976                tcp_alloc
 .text.tcp_rexmit_rto
                0x00008aa8       0x32 c:/ICPDAS/HMIWorks_Standard/lib/VPD-133-H-V/lwiplib_m4.o
                0x00008aa8                tcp_rexmit_rto
 .text.tcp_close_shutdown
                0x00008ada      0x162 c:/ICPDAS/HMIWorks_Standard/lib/VPD-133-H-V/lwiplib_m4.o
 .text.tcp_close
                0x00008c3c       0x14 c:/ICPDAS/HMIWorks_Standard/lib/VPD-133-H-V/lwiplib_m4.o
                0x00008c3c                tcp_close
 .text.tcp_recv_null
                0x00008c50       0x24 c:/ICPDAS/HMIWorks_Standard/lib/VPD-133-H-V/lwiplib_m4.o
                0x00008c50                tcp_recv_null
 .text.tcp_process_refused_data
                0x00008c74       0x64 c:/ICPDAS/HMIWorks_Standard/lib/VPD-133-H-V/lwiplib_m4.o
                0x00008c74                tcp_process_refused_data
 .text.tcp_fasttmr
                0x00008cd8       0x72 c:/ICPDAS/HMIWorks_Standard/lib/VPD-133-H-V/lwiplib_m4.o
                0x00008cd8                tcp_fasttmr
 .text.tcp_slowtmr
                0x00008d4a      0x2de c:/ICPDAS/HMIWorks_Standard/lib/VPD-133-H-V/lwiplib_m4.o
                0x00008d4a                tcp_slowtmr
 .text.tcp_tmr  0x00009028       0x24 c:/ICPDAS/HMIWorks_Standard/lib/VPD-133-H-V/lwiplib_m4.o
                0x00009028                tcp_tmr
 .text.tcpip_tcp_timer
                0x0000904c       0x3e c:/ICPDAS/HMIWorks_Standard/lib/VPD-133-H-V/lwiplib_m4.o
 .text.tcp_receive
                0x0000908a      0x75e c:/ICPDAS/HMIWorks_Standard/lib/VPD-133-H-V/lwiplib_m4.o
 .text.tcp_input
                0x000097e8      0x918 c:/ICPDAS/HMIWorks_Standard/lib/VPD-133-H-V/lwiplib_m4.o
                0x000097e8                tcp_input
 .text.ip_input
                0x0000a100      0x202 c:/ICPDAS/HMIWorks_Standard/lib/VPD-133-H-V/lwiplib_m4.o
                0x0000a100                ip_input
 .text.ethernet_input
                0x0000a302      0x212 c:/ICPDAS/HMIWorks_Standard/lib/VPD-133-H-V/lwiplib_m4.o
                0x0000a302                ethernet_input
 .text.dns_send.isra.0
                0x0000a514       0xac c:/ICPDAS/HMIWorks_Standard/lib/VPD-133-H-V/lwiplib_m4.o
 .text.dns_check_entry
                0x0000a5c0       0xb2 c:/ICPDAS/HMIWorks_Standard/lib/VPD-133-H-V/lwiplib_m4.o
 .text.dns_tmr  0x0000a672       0x2c c:/ICPDAS/HMIWorks_Standard/lib/VPD-133-H-V/lwiplib_m4.o
                0x0000a672                dns_tmr
 .text.dns_timer
                0x0000a69e       0x1c c:/ICPDAS/HMIWorks_Standard/lib/VPD-133-H-V/lwiplib_m4.o
 .text.InitDMADescriptors
                0x0000a6ba       0xdc c:/ICPDAS/HMIWorks_Standard/lib/VPD-133-H-V/lwiplib_m4.o
                0x0000a6ba                InitDMADescriptors
 .text.tivaif_init
                0x0000a796       0xe8 c:/ICPDAS/HMIWorks_Standard/lib/VPD-133-H-V/lwiplib_m4.o
                0x0000a796                tivaif_init
 .text.tivaif_process_phy_interrupt
                0x0000a87e       0x86 c:/ICPDAS/HMIWorks_Standard/lib/VPD-133-H-V/lwiplib_m4.o
                0x0000a87e                tivaif_process_phy_interrupt
 .text.tivaif_interrupt
                0x0000a904      0x1b8 c:/ICPDAS/HMIWorks_Standard/lib/VPD-133-H-V/lwiplib_m4.o
                0x0000a904                tivaif_interrupt
 .text._lwIPInit
                0x0000aabc      0x150 c:/ICPDAS/HMIWorks_Standard/lib/VPD-133-H-V/lwiplib_m4.o
                0x0000aabc                _lwIPInit
 .text.lwIPInit
                0x0000ac0c       0x1e c:/ICPDAS/HMIWorks_Standard/lib/VPD-133-H-V/lwiplib_m4.o
                0x0000ac0c                lwIPInit
 .text.lwIPEthernetIntHandler
                0x0000ac2a      0x182 c:/ICPDAS/HMIWorks_Standard/lib/VPD-133-H-V/lwiplib_m4.o
                0x0000ac2a                lwIPEthernetIntHandler
 .text.AudioMute
                0x0000adac       0x44 c:/ICPDAS/HMIWorks_Standard/lib/VPD-133-H-V.a(audio.o)
 .text.AudioVolume
                0x0000adf0       0x58 c:/ICPDAS/HMIWorks_Standard/lib/VPD-133-H-V.a(audio.o)
                0x0000adf0                AudioVolume
 .text.AudioVolumeUp
                0x0000ae48       0x3a c:/ICPDAS/HMIWorks_Standard/lib/VPD-133-H-V.a(audio.o)
                0x0000ae48                AudioVolumeUp
 .text.AudioOff
                0x0000ae82       0x1e c:/ICPDAS/HMIWorks_Standard/lib/VPD-133-H-V.a(audio.o)
                0x0000ae82                AudioOff
 .text.AudioHandler
                0x0000aea0      0x10e c:/ICPDAS/HMIWorks_Standard/lib/VPD-133-H-V.a(audio.o)
                0x0000aea0                AudioHandler
 .text.AudioOn  0x0000afae       0x48 c:/ICPDAS/HMIWorks_Standard/lib/VPD-133-H-V.a(audio.o)
                0x0000afae                AudioOn
 .text.AudioPlaySong
                0x0000aff6       0x38 c:/ICPDAS/HMIWorks_Standard/lib/VPD-133-H-V.a(audio.o)
                0x0000aff6                AudioPlaySong
 .text.BuzzerInit
                0x0000b02e       0x48 c:/ICPDAS/HMIWorks_Standard/lib/VPD-133-H-V.a(beep.o)
                0x0000b02e                BuzzerInit
 .text.hmi_PlaySong
                0x0000b076       0x1e c:/ICPDAS/HMIWorks_Standard/lib/VPD-133-H-V.a(beep.o)
                0x0000b076                hmi_PlaySong
 .text.hmi_ConfigBeep
                0x0000b094       0x14 c:/ICPDAS/HMIWorks_Standard/lib/VPD-133-H-V.a(beep.o)
                0x0000b094                hmi_ConfigBeep
 .text.hmi_Beep
                0x0000b0a8        0xe c:/ICPDAS/HMIWorks_Standard/lib/VPD-133-H-V.a(beep.o)
                0x0000b0a8                hmi_Beep
 .text.hmi_LCDIdleSetTimeout
                0x0000b0b6        0xc c:/ICPDAS/HMIWorks_Standard/lib/VPD-133-H-V.a(touch.o)
                0x0000b0b6                hmi_LCDIdleSetTimeout
 .text.hmi_LCDIdleUpdate
                0x0000b0c2       0x66 c:/ICPDAS/HMIWorks_Standard/lib/VPD-133-H-V.a(touch.o)
                0x0000b0c2                hmi_LCDIdleUpdate
 .text.hmi_LCDIdleSetBeep
                0x0000b128       0x16 c:/ICPDAS/HMIWorks_Standard/lib/VPD-133-H-V.a(touch.o)
                0x0000b128                hmi_LCDIdleSetBeep
 .text.TouchScreenSetOrientation
                0x0000b13e        0xc c:/ICPDAS/HMIWorks_Standard/lib/VPD-133-H-V.a(touch.o)
                0x0000b13e                TouchScreenSetOrientation
 .text.mx       0x0000b14a       0x28 c:/ICPDAS/HMIWorks_Standard/lib/VPD-133-H-V.a(touch.o)
                0x0000b14a                mx
 .text.my       0x0000b172       0x2a c:/ICPDAS/HMIWorks_Standard/lib/VPD-133-H-V.a(touch.o)
                0x0000b172                my
 .text.TouchScreenIntHandler
                0x0000b19c      0x41c c:/ICPDAS/HMIWorks_Standard/lib/VPD-133-H-V.a(touch.o)
                0x0000b19c                TouchScreenIntHandler
 .text.TouchScreenInit
                0x0000b5b8      0x17e c:/ICPDAS/HMIWorks_Standard/lib/VPD-133-H-V.a(touch.o)
                0x0000b5b8                TouchScreenInit
 .text.TouchScreenCallbackSet
                0x0000b736        0xc c:/ICPDAS/HMIWorks_Standard/lib/VPD-133-H-V.a(touch.o)
                0x0000b736                TouchScreenCallbackSet
 .text.TouchScreenSetParam
                0x0000b742       0x20 c:/ICPDAS/HMIWorks_Standard/lib/VPD-133-H-V.a(touch.o)
                0x0000b742                TouchScreenSetParam
 .text.GrRaster16BppDriverInit
                0x0000b762       0x2a c:/ICPDAS/HMIWorks_Standard/lib/VPD-133-H-V.a(grlib_raster_driver_16bpp.o)
 .text.GrRaster16BppDriverPixelDrawMultiple_L
                0x0000b78c      0x118 c:/ICPDAS/HMIWorks_Standard/lib/VPD-133-H-V.a(grlib_raster_driver_16bpp.o)
 .text.GrRaster16BppDriverColorTranslate
                0x0000b8a4       0x16 c:/ICPDAS/HMIWorks_Standard/lib/VPD-133-H-V.a(grlib_raster_driver_16bpp.o)
 .text.GrRaster16BppDriverFlush
                0x0000b8ba        0x2 c:/ICPDAS/HMIWorks_Standard/lib/VPD-133-H-V.a(grlib_raster_driver_16bpp.o)
 .text.WriteSpiGPIO
                0x0000b8bc       0x8c c:/ICPDAS/HMIWorks_Standard/lib/VPD-133-H-V.a(grlib_raster_driver_16bpp.o)
 .text.Th035320240_InitGPIO
                0x0000b948      0x2a4 c:/ICPDAS/HMIWorks_Standard/lib/VPD-133-H-V.a(grlib_raster_driver_16bpp.o)
                0x0000b948                Th035320240_InitGPIO
 .text.hmi_BacklightSet.part.0
                0x0000bbec       0x8c c:/ICPDAS/HMIWorks_Standard/lib/VPD-133-H-V.a(grlib_raster_driver_16bpp.o)
 .text.LineDrawVInternal.isra.0
                0x0000bc78       0x2c c:/ICPDAS/HMIWorks_Standard/lib/VPD-133-H-V.a(grlib_raster_driver_16bpp.o)
 .text.LineDrawHInternal.isra.0
                0x0000bca4       0x54 c:/ICPDAS/HMIWorks_Standard/lib/VPD-133-H-V.a(grlib_raster_driver_16bpp.o)
 .text.GrRaster16BppDriverRectFill
                0x0000bcf8       0x82 c:/ICPDAS/HMIWorks_Standard/lib/VPD-133-H-V.a(grlib_raster_driver_16bpp.o)
 .text.GrRaster16BppDriverLineDrawV
                0x0000bd7a       0x60 c:/ICPDAS/HMIWorks_Standard/lib/VPD-133-H-V.a(grlib_raster_driver_16bpp.o)
 .text.GrRaster16BppDriverLineDrawH
                0x0000bdda       0x60 c:/ICPDAS/HMIWorks_Standard/lib/VPD-133-H-V.a(grlib_raster_driver_16bpp.o)
 .text.Th035320240_Landscape_Init
                0x0000be3a      0x28e c:/ICPDAS/HMIWorks_Standard/lib/VPD-133-H-V.a(grlib_raster_driver_16bpp.o)
                0x0000be3a                Th035320240_Landscape_Init
 .text.MAPPED_X
                0x0000c0c8       0x28 c:/ICPDAS/HMIWorks_Standard/lib/VPD-133-H-V.a(grlib_raster_driver_16bpp.o)
                0x0000c0c8                MAPPED_X
 .text.MAPPED_Y
                0x0000c0f0       0x24 c:/ICPDAS/HMIWorks_Standard/lib/VPD-133-H-V.a(grlib_raster_driver_16bpp.o)
                0x0000c0f0                MAPPED_Y
 .text.GrRaster16BppDriverPixelDraw
                0x0000c114       0x30 c:/ICPDAS/HMIWorks_Standard/lib/VPD-133-H-V.a(grlib_raster_driver_16bpp.o)
 .text.hmi_BacklightSet
                0x0000c144       0x60 c:/ICPDAS/HMIWorks_Standard/lib/VPD-133-H-V.a(grlib_raster_driver_16bpp.o)
                0x0000c144                hmi_BacklightSet
 .text.hmi_ToggleLCD
                0x0000c1a4       0x9a c:/ICPDAS/HMIWorks_Standard/lib/VPD-133-H-V.a(grlib_raster_driver_16bpp.o)
                0x0000c1a4                hmi_ToggleLCD
 .text.LCDIntHandler
                0x0000c23e       0xa4 c:/ICPDAS/HMIWorks_Standard/lib/VPD-133-H-V.a(grlib_raster_driver_16bpp.o)
                0x0000c23e                LCDIntHandler
 .text.hmi_GTimerProcess
                0x0000c2e2       0x6a c:/ICPDAS/HMIWorks_Standard/lib/VPD-133-H-V.a(hmi_Init.o)
                0x0000c2e2                hmi_GTimerProcess
 .text.hmi_ProcessHSCallback
                0x0000c34c       0x2a c:/ICPDAS/HMIWorks_Standard/lib/VPD-133-H-V.a(hmi_Init.o)
                0x0000c34c                hmi_ProcessHSCallback
 .text.hmi_DelayUS
                0x0000c376       0x1e c:/ICPDAS/HMIWorks_Standard/lib/VPD-133-H-V.a(hmi_Init.o)
                0x0000c376                hmi_DelayUS
 .text.hmi_DeviceInit
                0x0000c394      0x2c8 c:/ICPDAS/HMIWorks_Standard/lib/VPD-133-H-V.a(hmi_Init.o)
                0x0000c394                hmi_DeviceInit
 .text.hmi_Display_Init
                0x0000c65c       0x46 c:/ICPDAS/HMIWorks_Standard/lib/VPD-133-H-V.a(hmi_Init.o)
                0x0000c65c                hmi_Display_Init
 .text.hmi_Init
                0x0000c6a2       0xb6 c:/ICPDAS/HMIWorks_Standard/lib/VPD-133-H-V.a(hmi_Init.o)
                0x0000c6a2                hmi_Init
 .text.hmi_MACAddrInit
                0x0000c758       0x28 c:/ICPDAS/HMIWorks_Standard/lib/VPD-133-H-V.a(hmi_Init.o)
                0x0000c758                hmi_MACAddrInit
 .text.hmi_UserFlashConfig
                0x0000c780       0x14 c:/ICPDAS/HMIWorks_Standard/lib/VPD-133-H-V.a(hmi_Init.o)
                0x0000c780                hmi_UserFlashConfig
 .text.hmi_TCPFreePbufs
                0x0000c794       0x58 c:/ICPDAS/HMIWorks_Standard/lib/VPD-133-H-V.a(hmi_tcp.o)
 .text.hmi_TCPFreeSocket
                0x0000c7ec       0x40 c:/ICPDAS/HMIWorks_Standard/lib/VPD-133-H-V.a(hmi_tcp.o)
                0x0000c7ec                hmi_TCPFreeSocket
 .text.hmi_TCPInit
                0x0000c82c       0x22 c:/ICPDAS/HMIWorks_Standard/lib/VPD-133-H-V.a(hmi_tcp.o)
                0x0000c82c                hmi_TCPInit
 .text.mrm_ReadAIO_SetCmd
                0x0000c84e       0x2e c:/ICPDAS/HMIWorks_Standard/lib/VPD-133-H-V.a(mbrtum.o)
                0x0000c84e                mrm_ReadAIO_SetCmd
 .text.mrm_ReadAIO
                0x0000c87c       0xb6 c:/ICPDAS/HMIWorks_Standard/lib/VPD-133-H-V.a(mbrtum.o)
                0x0000c87c                mrm_ReadAIO
 .text.mrm_WriteAO_SetCmdFun
                0x0000c932       0x7a c:/ICPDAS/HMIWorks_Standard/lib/VPD-133-H-V.a(mbrtum.o)
                0x0000c932                mrm_WriteAO_SetCmdFun
 .text.mrm_WriteAO
                0x0000c9ac       0xa2 c:/ICPDAS/HMIWorks_Standard/lib/VPD-133-H-V.a(mbrtum.o)
                0x0000c9ac                mrm_WriteAO
 .text.mrm_SetSilentInterval
                0x0000ca4e       0x12 c:/ICPDAS/HMIWorks_Standard/lib/VPD-133-H-V.a(mbrtum.o)
                0x0000ca4e                mrm_SetSilentInterval
 .text.mu_DelayUS
                0x0000ca60       0x40 c:/ICPDAS/HMIWorks_Standard/lib/VPD-133-H-V.a(mutil.o)
                0x0000ca60                mu_DelayUS
 .text.MBRegisterToggleLCDProc
                0x0000caa0        0xc c:/ICPDAS/HMIWorks_Standard/lib/VPD-133-H-V.a(mutil.o)
                0x0000caa0                MBRegisterToggleLCDProc
 .text.MBToggleLCD
                0x0000caac       0x10 c:/ICPDAS/HMIWorks_Standard/lib/VPD-133-H-V.a(mutil.o)
                0x0000caac                MBToggleLCD
 .text.SSIFlashInstructionEnd
                0x0000cabc       0x10 c:/ICPDAS/HMIWorks_Standard/lib/VPD-133-H-V.a(ssiflash.o)
 .text.SSIFlashStatusGet
                0x0000cacc       0x4e c:/ICPDAS/HMIWorks_Standard/lib/VPD-133-H-V.a(ssiflash.o)
 .text.SSIFlashInstructionRead
                0x0000cb1a       0x2e c:/ICPDAS/HMIWorks_Standard/lib/VPD-133-H-V.a(ssiflash.o)
 .text.SSIFlashInstructionWrite
                0x0000cb48       0x72 c:/ICPDAS/HMIWorks_Standard/lib/VPD-133-H-V.a(ssiflash.o)
 .text.SSIFlashIsBusy
                0x0000cbba        0xc c:/ICPDAS/HMIWorks_Standard/lib/VPD-133-H-V.a(ssiflash.o)
                0x0000cbba                SSIFlashIsBusy
 .text.SSIFlashIdleWait
                0x0000cbc6       0x1e c:/ICPDAS/HMIWorks_Standard/lib/VPD-133-H-V.a(ssiflash.o)
 .text.SSIFlashWriteEnable
                0x0000cbe4       0x22 c:/ICPDAS/HMIWorks_Standard/lib/VPD-133-H-V.a(ssiflash.o)
 .text.SSIFlashAssignEAR.isra.0
                0x0000cc06       0x30 c:/ICPDAS/HMIWorks_Standard/lib/VPD-133-H-V.a(ssiflash.o)
 .text.SSIFlashIDGet
                0x0000cc36       0x46 c:/ICPDAS/HMIWorks_Standard/lib/VPD-133-H-V.a(ssiflash.o)
                0x0000cc36                SSIFlashIDGet
 .text.SSIFlashInit
                0x0000cc7c      0x132 c:/ICPDAS/HMIWorks_Standard/lib/VPD-133-H-V.a(ssiflash.o)
                0x0000cc7c                SSIFlashInit
 .text.SSIFlashRead
                0x0000cdae       0x52 c:/ICPDAS/HMIWorks_Standard/lib/VPD-133-H-V.a(ssiflash.o)
                0x0000cdae                SSIFlashRead
 .text.SDRAMInit
                0x0000ce00       0x78 c:/ICPDAS/HMIWorks_Standard/lib/VPD-133-H-V.a(extram.o)
                0x0000ce00                SDRAMInit
 .text.doesComExist
                0x0000ce78       0x10 c:/ICPDAS/HMIWorks_Standard/lib/VPD-133-H-V.a(hmi_uart.o)
                0x0000ce78                doesComExist
 .text._uRead   0x0000ce88       0x78 c:/ICPDAS/HMIWorks_Standard/lib/VPD-133-H-V.a(hmi_uart.o)
 .text.uart_Purge
                0x0000cf00       0x28 c:/ICPDAS/HMIWorks_Standard/lib/VPD-133-H-V.a(hmi_uart.o)
                0x0000cf00                uart_Purge
 .text.uart_Init
                0x0000cf28        0x4 c:/ICPDAS/HMIWorks_Standard/lib/VPD-133-H-V.a(hmi_uart.o)
                0x0000cf28                uart_Init
 .text.uart_Open
                0x0000cf2c      0x200 c:/ICPDAS/HMIWorks_Standard/lib/VPD-133-H-V.a(hmi_uart.o)
                0x0000cf2c                uart_Open
 .text.uart_BinSend
                0x0000d12c       0x54 c:/ICPDAS/HMIWorks_Standard/lib/VPD-133-H-V.a(hmi_uart.o)
                0x0000d12c                uart_BinSend
 .text.uart_BinRecv
                0x0000d180       0x10 c:/ICPDAS/HMIWorks_Standard/lib/VPD-133-H-V.a(hmi_uart.o)
                0x0000d180                uart_BinRecv
 .text.uart_BinSendCmd
                0x0000d190       0x3c c:/ICPDAS/HMIWorks_Standard/lib/VPD-133-H-V.a(hmi_uart.o)
                0x0000d190                uart_BinSendCmd
 .text.uart_SetTimeout
                0x0000d1cc        0xc c:/ICPDAS/HMIWorks_Standard/lib/VPD-133-H-V.a(hmi_uart.o)
                0x0000d1cc                uart_SetTimeout
 .text.SerialUARTIntHandler
                0x0000d1d8       0xb8 c:/ICPDAS/HMIWorks_Standard/lib/VPD-133-H-V.a(serial.o)
 .text.SerialUART0IntHandler
                0x0000d290        0x6 c:/ICPDAS/HMIWorks_Standard/lib/VPD-133-H-V.a(serial.o)
                0x0000d290                SerialUART0IntHandler
 .text.SerialUART1IntHandler
                0x0000d296        0x6 c:/ICPDAS/HMIWorks_Standard/lib/VPD-133-H-V.a(serial.o)
                0x0000d296                SerialUART1IntHandler
 .text.SerialUART2IntHandler
                0x0000d29c        0x6 c:/ICPDAS/HMIWorks_Standard/lib/VPD-133-H-V.a(serial.o)
                0x0000d29c                SerialUART2IntHandler
 .text.SerialSendFull
                0x0000d2a2       0x10 c:/ICPDAS/HMIWorks_Standard/lib/VPD-133-H-V.a(serial.o)
                0x0000d2a2                SerialSendFull
 .text.SerialSend
                0x0000d2b2       0x7e c:/ICPDAS/HMIWorks_Standard/lib/VPD-133-H-V.a(serial.o)
                0x0000d2b2                SerialSend
 .text.SerialReceive
                0x0000d330       0x24 c:/ICPDAS/HMIWorks_Standard/lib/VPD-133-H-V.a(serial.o)
                0x0000d330                SerialReceive
 .text.SerialReceiveAvailable
                0x0000d354       0x10 c:/ICPDAS/HMIWorks_Standard/lib/VPD-133-H-V.a(serial.o)
                0x0000d354                SerialReceiveAvailable
 .text.SerialSetBaudRate
                0x0000d364       0x48 c:/ICPDAS/HMIWorks_Standard/lib/VPD-133-H-V.a(serial.o)
                0x0000d364                SerialSetBaudRate
 .text.SerialSetDataSize
                0x0000d3ac       0x6c c:/ICPDAS/HMIWorks_Standard/lib/VPD-133-H-V.a(serial.o)
                0x0000d3ac                SerialSetDataSize
 .text.SerialSetParity
                0x0000d418       0x7a c:/ICPDAS/HMIWorks_Standard/lib/VPD-133-H-V.a(serial.o)
                0x0000d418                SerialSetParity
 .text.SerialSetStopBits
                0x0000d492       0x4e c:/ICPDAS/HMIWorks_Standard/lib/VPD-133-H-V.a(serial.o)
                0x0000d492                SerialSetStopBits
 .text.SerialPurgeData
                0x0000d4e0       0x4a c:/ICPDAS/HMIWorks_Standard/lib/VPD-133-H-V.a(serial.o)
                0x0000d4e0                SerialPurgeData
 .text.SerialSetFactory
                0x0000d52a       0x76 c:/ICPDAS/HMIWorks_Standard/lib/VPD-133-H-V.a(serial.o)
                0x0000d52a                SerialSetFactory
 .text.SerialInit
                0x0000d5a0      0x1f0 c:/ICPDAS/HMIWorks_Standard/lib/VPD-133-H-V.a(serial.o)
                0x0000d5a0                SerialInit
 .text.SerialOpen
                0x0000d790       0x6c c:/ICPDAS/HMIWorks_Standard/lib/VPD-133-H-V.a(serial.o)
                0x0000d790                SerialOpen
 .text.SerialGetSilentInterval
                0x0000d7fc       0xa8 c:/ICPDAS/HMIWorks_Standard/lib/VPD-133-H-V.a(serial.o)
                0x0000d7fc                SerialGetSilentInterval
 .text.UpdateIndexAtomic
                0x0000d8a4       0x2a c:/ICPDAS/HMIWorks_Standard/lib/VPD-133-H-V.a(ringbuf.o)
 .text.RingBufFull
                0x0000d8ce       0x18 c:/ICPDAS/HMIWorks_Standard/lib/VPD-133-H-V.a(ringbuf.o)
                0x0000d8ce                RingBufFull
 .text.RingBufEmpty
                0x0000d8e6        0xc c:/ICPDAS/HMIWorks_Standard/lib/VPD-133-H-V.a(ringbuf.o)
                0x0000d8e6                RingBufEmpty
 .text.RingBufFlush
                0x0000d8f2       0x18 c:/ICPDAS/HMIWorks_Standard/lib/VPD-133-H-V.a(ringbuf.o)
                0x0000d8f2                RingBufFlush
 .text.RingBufUsed
                0x0000d90a       0x12 c:/ICPDAS/HMIWorks_Standard/lib/VPD-133-H-V.a(ringbuf.o)
                0x0000d90a                RingBufUsed
 .text.RingBufReadOne
                0x0000d91c       0x16 c:/ICPDAS/HMIWorks_Standard/lib/VPD-133-H-V.a(ringbuf.o)
                0x0000d91c                RingBufReadOne
 .text.RingBufWriteOne
                0x0000d932       0x10 c:/ICPDAS/HMIWorks_Standard/lib/VPD-133-H-V.a(ringbuf.o)
                0x0000d932                RingBufWriteOne
 .text.RingBufInit
                0x0000d942        0xc c:/ICPDAS/HMIWorks_Standard/lib/VPD-133-H-V.a(ringbuf.o)
                0x0000d942                RingBufInit
 .text.hmi_ShowPanelLed
                0x0000d94e       0x34 c:/ICPDAS/HMIWorks_Standard/lib/VPD-133-H-V.a(vpanel.o)
                0x0000d94e                hmi_ShowPanelLed
 .text.hmi_ReadPanelKey
                0x0000d982       0x18 c:/ICPDAS/HMIWorks_Standard/lib/VPD-133-H-V.a(vpanel.o)
                0x0000d982                hmi_ReadPanelKey
 .text.I2CIntHandler
                0x0000d99a        0xc c:/ICPDAS/HMIWorks_Standard/lib/VPD-133-H-V.a(i2cs_dev.o)
                0x0000d99a                I2CIntHandler
 .text.I2CM_Driver_Init
                0x0000d9a6       0xd4 c:/ICPDAS/HMIWorks_Standard/lib/VPD-133-H-V.a(i2cs_dev.o)
                0x0000d9a6                I2CM_Driver_Init
 .text.ustrncpy
                0x0000da7a       0x26 c:/ICPDAS/HMIWorks_Standard/lib/VPD-133-H-V.a(ustdlib.o)
                0x0000da7a                ustrncpy
 .text.uvsnprintf
                0x0000daa0      0x26a c:/ICPDAS/HMIWorks_Standard/lib/VPD-133-H-V.a(ustdlib.o)
                0x0000daa0                uvsnprintf
 .text.usprintf
                0x0000dd0a       0x1e c:/ICPDAS/HMIWorks_Standard/lib/VPD-133-H-V.a(ustdlib.o)
                0x0000dd0a                usprintf
 .text.GetRotaryID
                0x0000dd28       0x54 c:/ICPDAS/HMIWorks_Standard/lib/VPD-133-H-V.a(rotary.o)
                0x0000dd28                GetRotaryID
 .text.DFUDetachCallback
                0x0000dd7c       0x16 c:/ICPDAS/HMIWorks_Standard/lib/VPD-133-H-V.a(usb_dfu.o)
                0x0000dd7c                DFUDetachCallback
 .text.MouseHandler
                0x0000dd92        0x4 c:/ICPDAS/HMIWorks_Standard/lib/VPD-133-H-V.a(usb_dfu.o)
                0x0000dd92                MouseHandler
 .text.hmi_dfu_init
                0x0000dd96       0xb4 c:/ICPDAS/HMIWorks_Standard/lib/VPD-133-H-V.a(usb_dfu.o)
                0x0000dd96                hmi_dfu_init
 .text.hmi_dfu_update
                0x0000de4a       0x22 c:/ICPDAS/HMIWorks_Standard/lib/VPD-133-H-V.a(usb_dfu.o)
                0x0000de4a                hmi_dfu_update
 .text.USB0DeviceIntHandler
                0x0000de6c       0x18 c:/ICPDAS/HMIWorks_Standard/lib/VPD-133-H-V.a(usbdhandler.o)
                0x0000de6c                USB0DeviceIntHandler
 .text.HIDMouseRxHandler
                0x0000de84       0x76 c:/ICPDAS/HMIWorks_Standard/lib/VPD-133-H-V.a(usbdhidmouse.o)
 .text.HIDMouseTxHandler
                0x0000defa       0x16 c:/ICPDAS/HMIWorks_Standard/lib/VPD-133-H-V.a(usbdhidmouse.o)
 .text.USBDHIDMouseCompositeInit
                0x0000df10       0x7a c:/ICPDAS/HMIWorks_Standard/lib/VPD-133-H-V.a(usbdhidmouse.o)
                0x0000df10                USBDHIDMouseCompositeInit
 .text.USBDSetAddress
                0x0000df8a       0x28 c:/ICPDAS/HMIWorks_Standard/lib/VPD-133-H-V.a(usbdenum.o)
 .text.USBDEP0StateTxConfig.constprop.0
                0x0000dfb2      0x16e c:/ICPDAS/HMIWorks_Standard/lib/VPD-133-H-V.a(usbdenum.o)
 .text.USBDCDStallEP0.constprop.0
                0x0000e120       0x24 c:/ICPDAS/HMIWorks_Standard/lib/VPD-133-H-V.a(usbdenum.o)
 .text.USBDClearFeature
                0x0000e144       0x88 c:/ICPDAS/HMIWorks_Standard/lib/VPD-133-H-V.a(usbdenum.o)
 .text.USBDSetFeature
                0x0000e1cc       0x6c c:/ICPDAS/HMIWorks_Standard/lib/VPD-133-H-V.a(usbdenum.o)
 .text.USBDSetDescriptor
                0x0000e238       0x1e c:/ICPDAS/HMIWorks_Standard/lib/VPD-133-H-V.a(usbdenum.o)
 .text.USBDSetConfiguration
                0x0000e256       0x8c c:/ICPDAS/HMIWorks_Standard/lib/VPD-133-H-V.a(usbdenum.o)
 .text.USBDSetInterface
                0x0000e2e2       0xa2 c:/ICPDAS/HMIWorks_Standard/lib/VPD-133-H-V.a(usbdenum.o)
 .text.USBDSyncFrame
                0x0000e384       0x1e c:/ICPDAS/HMIWorks_Standard/lib/VPD-133-H-V.a(usbdenum.o)
 .text.USBDReadAndDispatchRequest.constprop.0
                0x0000e3a2       0x7c c:/ICPDAS/HMIWorks_Standard/lib/VPD-133-H-V.a(usbdenum.o)
 .text.USBDEP0StateTx.constprop.0
                0x0000e41e       0x88 c:/ICPDAS/HMIWorks_Standard/lib/VPD-133-H-V.a(usbdenum.o)
 .text.USBDGetStatus
                0x0000e4a6       0x74 c:/ICPDAS/HMIWorks_Standard/lib/VPD-133-H-V.a(usbdenum.o)
 .text.USBDGetDescriptor
                0x0000e51a      0x128 c:/ICPDAS/HMIWorks_Standard/lib/VPD-133-H-V.a(usbdenum.o)
 .text.USBDGetInterface
                0x0000e642       0x4e c:/ICPDAS/HMIWorks_Standard/lib/VPD-133-H-V.a(usbdenum.o)
 .text.USBDGetConfiguration
                0x0000e690       0x38 c:/ICPDAS/HMIWorks_Standard/lib/VPD-133-H-V.a(usbdenum.o)
 .text.USBDCDDeviceInfoInit
                0x0000e6c8       0x46 c:/ICPDAS/HMIWorks_Standard/lib/VPD-133-H-V.a(usbdenum.o)
                0x0000e6c8                USBDCDDeviceInfoInit
 .text.USBDCDInit
                0x0000e70e      0x1c6 c:/ICPDAS/HMIWorks_Standard/lib/VPD-133-H-V.a(usbdenum.o)
                0x0000e70e                USBDCDInit
 .text.USBDCDTerm
                0x0000e8d4       0x7a c:/ICPDAS/HMIWorks_Standard/lib/VPD-133-H-V.a(usbdenum.o)
                0x0000e8d4                USBDCDTerm
 .text.USBDCDRequestDataEP0
                0x0000e94e       0x14 c:/ICPDAS/HMIWorks_Standard/lib/VPD-133-H-V.a(usbdenum.o)
                0x0000e94e                USBDCDRequestDataEP0
 .text.USBDCDSendDataEP0
                0x0000e962       0x12 c:/ICPDAS/HMIWorks_Standard/lib/VPD-133-H-V.a(usbdenum.o)
                0x0000e962                USBDCDSendDataEP0
 .text.USBDCDStallEP0
                0x0000e974       0x24 c:/ICPDAS/HMIWorks_Standard/lib/VPD-133-H-V.a(usbdenum.o)
                0x0000e974                USBDCDStallEP0
 .text.USBDCDFeatureSet
                0x0000e998       0x8e c:/ICPDAS/HMIWorks_Standard/lib/VPD-133-H-V.a(usbdenum.o)
                0x0000e998                USBDCDFeatureSet
 .text.USBDeviceResumeTickHandler
                0x0000ea26       0x5c c:/ICPDAS/HMIWorks_Standard/lib/VPD-133-H-V.a(usbdenum.o)
                0x0000ea26                USBDeviceResumeTickHandler
 .text.USBDeviceEnumHandler
                0x0000ea82      0x112 c:/ICPDAS/HMIWorks_Standard/lib/VPD-133-H-V.a(usbdenum.o)
                0x0000ea82                USBDeviceEnumHandler
 .text.USBDeviceEnumResetHandler
                0x0000eb94       0x3e c:/ICPDAS/HMIWorks_Standard/lib/VPD-133-H-V.a(usbdenum.o)
                0x0000eb94                USBDeviceEnumResetHandler
 .text.USBDeviceIntHandlerInternal
                0x0000ebd2      0x16e c:/ICPDAS/HMIWorks_Standard/lib/VPD-133-H-V.a(usbdenum.o)
                0x0000ebd2                USBDeviceIntHandlerInternal
 .text.NextConfigDescGet
                0x0000ed40       0x34 c:/ICPDAS/HMIWorks_Standard/lib/VPD-133-H-V.a(usbdcdesc.o)
 .text.USBDCDConfigDescGetSize
                0x0000ed74       0x1e c:/ICPDAS/HMIWorks_Standard/lib/VPD-133-H-V.a(usbdcdesc.o)
                0x0000ed74                USBDCDConfigDescGetSize
 .text.USBDCDConfigDescGetNum
                0x0000ed92       0x2a c:/ICPDAS/HMIWorks_Standard/lib/VPD-133-H-V.a(usbdcdesc.o)
                0x0000ed92                USBDCDConfigDescGetNum
 .text.USBDCDConfigDescGet
                0x0000edbc       0x58 c:/ICPDAS/HMIWorks_Standard/lib/VPD-133-H-V.a(usbdcdesc.o)
                0x0000edbc                USBDCDConfigDescGet
 .text.USBDCDConfigGetInterface
                0x0000ee14       0x54 c:/ICPDAS/HMIWorks_Standard/lib/VPD-133-H-V.a(usbdcdesc.o)
                0x0000ee14                USBDCDConfigGetInterface
 .text.USBDCDConfigGetInterfaceEndpoint
                0x0000ee68       0x36 c:/ICPDAS/HMIWorks_Standard/lib/VPD-133-H-V.a(usbdcdesc.o)
                0x0000ee68                USBDCDConfigGetInterfaceEndpoint
 .text.GetEPDescriptorType
                0x0000ee9e       0x3e c:/ICPDAS/HMIWorks_Standard/lib/VPD-133-H-V.a(usbdconfig.o)
 .text.USBDeviceConfig
                0x0000eedc      0x164 c:/ICPDAS/HMIWorks_Standard/lib/VPD-133-H-V.a(usbdconfig.o)
                0x0000eedc                USBDeviceConfig
 .text.USBDeviceConfigAlternate
                0x0000f040       0x86 c:/ICPDAS/HMIWorks_Standard/lib/VPD-133-H-V.a(usbdconfig.o)
                0x0000f040                USBDeviceConfigAlternate
 .text.InternalUSBTickInit
                0x0000f0c6       0x36 c:/ICPDAS/HMIWorks_Standard/lib/VPD-133-H-V.a(usbtick.o)
                0x0000f0c6                InternalUSBTickInit
 .text.InternalUSBTickReset
                0x0000f0fc        0xe c:/ICPDAS/HMIWorks_Standard/lib/VPD-133-H-V.a(usbtick.o)
                0x0000f0fc                InternalUSBTickReset
 .text.InternalUSBRegisterTickHandler
                0x0000f10a       0x34 c:/ICPDAS/HMIWorks_Standard/lib/VPD-133-H-V.a(usbtick.o)
                0x0000f10a                InternalUSBRegisterTickHandler
 .text.InternalUSBStartOfFrameTick
                0x0000f13e       0x3a c:/ICPDAS/HMIWorks_Standard/lib/VPD-133-H-V.a(usbtick.o)
                0x0000f13e                InternalUSBStartOfFrameTick
 .text.USBDescGetNum
                0x0000f178       0x24 c:/ICPDAS/HMIWorks_Standard/lib/VPD-133-H-V.a(usbdesc.o)
                0x0000f178                USBDescGetNum
 .text.USBDescGet
                0x0000f19c       0x28 c:/ICPDAS/HMIWorks_Standard/lib/VPD-133-H-V.a(usbdesc.o)
                0x0000f19c                USBDescGet
 .text.HandleDevice
                0x0000f1c4        0xc c:/ICPDAS/HMIWorks_Standard/lib/VPD-133-H-V.a(usbddfu-rt.o)
 .text.HandleRequest
                0x0000f1d0       0x32 c:/ICPDAS/HMIWorks_Standard/lib/VPD-133-H-V.a(usbddfu-rt.o)
 .text.HandleGetDescriptor
                0x0000f202       0x36 c:/ICPDAS/HMIWorks_Standard/lib/VPD-133-H-V.a(usbddfu-rt.o)
 .text.USBDDFUCompositeInit
                0x0000f238       0x42 c:/ICPDAS/HMIWorks_Standard/lib/VPD-133-H-V.a(usbddfu-rt.o)
                0x0000f238                USBDDFUCompositeInit
 .text.SuspendHandler
                0x0000f27a       0x34 c:/ICPDAS/HMIWorks_Standard/lib/VPD-133-H-V.a(usbdcomp.o)
 .text.ResumeHandler
                0x0000f2ae       0x34 c:/ICPDAS/HMIWorks_Standard/lib/VPD-133-H-V.a(usbdcomp.o)
 .text.ResetHandler
                0x0000f2e2       0x34 c:/ICPDAS/HMIWorks_Standard/lib/VPD-133-H-V.a(usbdcomp.o)
 .text.DataSent
                0x0000f316       0x1c c:/ICPDAS/HMIWorks_Standard/lib/VPD-133-H-V.a(usbdcomp.o)
 .text.DataReceived
                0x0000f332       0x1c c:/ICPDAS/HMIWorks_Standard/lib/VPD-133-H-V.a(usbdcomp.o)
 .text.HandleEndpoints
                0x0000f34e       0x2c c:/ICPDAS/HMIWorks_Standard/lib/VPD-133-H-V.a(usbdcomp.o)
 .text.HandleDevice
                0x0000f37a       0x56 c:/ICPDAS/HMIWorks_Standard/lib/VPD-133-H-V.a(usbdcomp.o)
 .text.HandleDisconnect
                0x0000f3d0       0x34 c:/ICPDAS/HMIWorks_Standard/lib/VPD-133-H-V.a(usbdcomp.o)
 .text.InterfaceChange
                0x0000f404       0x34 c:/ICPDAS/HMIWorks_Standard/lib/VPD-133-H-V.a(usbdcomp.o)
 .text.ConfigChangeHandler
                0x0000f438       0x38 c:/ICPDAS/HMIWorks_Standard/lib/VPD-133-H-V.a(usbdcomp.o)
 .text.CompositeEPChange
                0x0000f470       0x22 c:/ICPDAS/HMIWorks_Standard/lib/VPD-133-H-V.a(usbdcomp.o)
 .text.HandleRequests
                0x0000f492       0x84 c:/ICPDAS/HMIWorks_Standard/lib/VPD-133-H-V.a(usbdcomp.o)
 .text.GetDescriptor
                0x0000f516       0x84 c:/ICPDAS/HMIWorks_Standard/lib/VPD-133-H-V.a(usbdcomp.o)
 .text.BuildCompositeDescriptor
                0x0000f59a      0x1fc c:/ICPDAS/HMIWorks_Standard/lib/VPD-133-H-V.a(usbdcomp.o)
                0x0000f59a                BuildCompositeDescriptor
 .text.USBDCompositeInit
                0x0000f796       0xee c:/ICPDAS/HMIWorks_Standard/lib/VPD-133-H-V.a(usbdcomp.o)
                0x0000f796                USBDCompositeInit
 .text.ULPIConfigSet
                0x0000f884       0x56 c:/ICPDAS/HMIWorks_Standard/lib/VPD-133-H-V.a(usbulpi.o)
                0x0000f884                ULPIConfigSet
 .text.uDMAUSBChannelStatus
                0x0000f8da       0x20 c:/ICPDAS/HMIWorks_Standard/lib/VPD-133-H-V.a(usbdma.o)
 .text.uDMAUSBIntStatus
                0x0000f8fa       0x38 c:/ICPDAS/HMIWorks_Standard/lib/VPD-133-H-V.a(usbdma.o)
 .text.DMAUSBIntStatusClear
                0x0000f932        0xe c:/ICPDAS/HMIWorks_Standard/lib/VPD-133-H-V.a(usbdma.o)
 .text.uDMAUSBChannelDisable
                0x0000f940       0x5c c:/ICPDAS/HMIWorks_Standard/lib/VPD-133-H-V.a(usbdma.o)
 .text.uDMAUSBChannelIntEnable
                0x0000f99c        0x2 c:/ICPDAS/HMIWorks_Standard/lib/VPD-133-H-V.a(usbdma.o)
 .text.uDMAUSBChannelAllocate
                0x0000f99e       0xce c:/ICPDAS/HMIWorks_Standard/lib/VPD-133-H-V.a(usbdma.o)
 .text.uDMAUSBChannelRelease
                0x0000fa6c       0x68 c:/ICPDAS/HMIWorks_Standard/lib/VPD-133-H-V.a(usbdma.o)
 .text.uDMAUSBUnitSizeSet
                0x0000fad4       0x58 c:/ICPDAS/HMIWorks_Standard/lib/VPD-133-H-V.a(usbdma.o)
 .text.iDMAUSBUnitSizeSet
                0x0000fb2c        0x2 c:/ICPDAS/HMIWorks_Standard/lib/VPD-133-H-V.a(usbdma.o)
 .text.uDMAUSBArbSizeSet
                0x0000fb2e       0x74 c:/ICPDAS/HMIWorks_Standard/lib/VPD-133-H-V.a(usbdma.o)
 .text.DMAUSBStatus
                0x0000fba2        0x4 c:/ICPDAS/HMIWorks_Standard/lib/VPD-133-H-V.a(usbdma.o)
 .text.iDMAUSBChannelRelease
                0x0000fba6       0x3c c:/ICPDAS/HMIWorks_Standard/lib/VPD-133-H-V.a(usbdma.o)
 .text.iDMAUSBChannelAllocate
                0x0000fbe2       0x80 c:/ICPDAS/HMIWorks_Standard/lib/VPD-133-H-V.a(usbdma.o)
 .text.iDMAUSBChannelDisable
                0x0000fc62       0x36 c:/ICPDAS/HMIWorks_Standard/lib/VPD-133-H-V.a(usbdma.o)
 .text.iDMAUSBChannelIntDisable
                0x0000fc98        0x8 c:/ICPDAS/HMIWorks_Standard/lib/VPD-133-H-V.a(usbdma.o)
 .text.uDMAUSBChannelEnable
                0x0000fca0       0x84 c:/ICPDAS/HMIWorks_Standard/lib/VPD-133-H-V.a(usbdma.o)
 .text.iDMAUSBChannelIntEnable
                0x0000fd24        0x8 c:/ICPDAS/HMIWorks_Standard/lib/VPD-133-H-V.a(usbdma.o)
 .text.iDMAUSBChannelEnable
                0x0000fd2c       0x60 c:/ICPDAS/HMIWorks_Standard/lib/VPD-133-H-V.a(usbdma.o)
 .text.iDMAUSBIntStatus
                0x0000fd8c        0x6 c:/ICPDAS/HMIWorks_Standard/lib/VPD-133-H-V.a(usbdma.o)
 .text.iDMAUSBChannelStatus
                0x0000fd92       0x36 c:/ICPDAS/HMIWorks_Standard/lib/VPD-133-H-V.a(usbdma.o)
 .text.DMAUSBIntHandler
                0x0000fdc8       0x32 c:/ICPDAS/HMIWorks_Standard/lib/VPD-133-H-V.a(usbdma.o)
 .text.iDMAUSBTransfer
                0x0000fdfa       0xf0 c:/ICPDAS/HMIWorks_Standard/lib/VPD-133-H-V.a(usbdma.o)
 .text.uDMAUSBTransfer
                0x0000feea       0xbc c:/ICPDAS/HMIWorks_Standard/lib/VPD-133-H-V.a(usbdma.o)
 .text.iDMAUSBArbSizeSet
                0x0000ffa6        0x2 c:/ICPDAS/HMIWorks_Standard/lib/VPD-133-H-V.a(usbdma.o)
 .text.uDMAUSBChannelIntDisable
                0x0000ffa8        0x2 c:/ICPDAS/HMIWorks_Standard/lib/VPD-133-H-V.a(usbdma.o)
 .text.USBLibDMAInit
                0x0000ffaa      0x1a8 c:/ICPDAS/HMIWorks_Standard/lib/VPD-133-H-V.a(usbdma.o)
                0x0000ffaa                USBLibDMAInit
 .text._SysCtlMemTimingGet
                0x00010152       0x72 c:/ICPDAS/HMIWorks_Standard/lib/VPD-133-H-V.a(sysctl.o)
 .text.SysCtlPeripheralPresent
                0x000101c4       0x26 c:/ICPDAS/HMIWorks_Standard/lib/VPD-133-H-V.a(sysctl.o)
                0x000101c4                SysCtlPeripheralPresent
 .text.SysCtlPeripheralReady
                0x000101ea       0x26 c:/ICPDAS/HMIWorks_Standard/lib/VPD-133-H-V.a(sysctl.o)
                0x000101ea                SysCtlPeripheralReady
 .text.SysCtlPeripheralReset
                0x00010210       0x3a c:/ICPDAS/HMIWorks_Standard/lib/VPD-133-H-V.a(sysctl.o)
                0x00010210                SysCtlPeripheralReset
 .text.SysCtlPeripheralEnable
                0x0001024a       0x22 c:/ICPDAS/HMIWorks_Standard/lib/VPD-133-H-V.a(sysctl.o)
                0x0001024a                SysCtlPeripheralEnable
 .text.SysCtlPeripheralSleepEnable
                0x0001026c       0x22 c:/ICPDAS/HMIWorks_Standard/lib/VPD-133-H-V.a(sysctl.o)
                0x0001026c                SysCtlPeripheralSleepEnable
 .text.SysCtlReset
                0x0001028e       0x10 c:/ICPDAS/HMIWorks_Standard/lib/VPD-133-H-V.a(sysctl.o)
                0x0001028e                SysCtlReset
 .text.SysCtlDelay
                0x0001029e        0x8 c:/ICPDAS/HMIWorks_Standard/lib/VPD-133-H-V.a(sysctl.o)
                0x0001029e                SysCtlDelay
 .text.SysCtlClockFreqSet
                0x000102a6      0x276 c:/ICPDAS/HMIWorks_Standard/lib/VPD-133-H-V.a(sysctl.o)
                0x000102a6                SysCtlClockFreqSet
 .text.SysCtlClockGet
                0x0001051c      0x170 c:/ICPDAS/HMIWorks_Standard/lib/VPD-133-H-V.a(sysctl.o)
                0x0001051c                SysCtlClockGet
 .text.SysCtlUSBPLLEnable
                0x0001068c       0x12 c:/ICPDAS/HMIWorks_Standard/lib/VPD-133-H-V.a(sysctl.o)
                0x0001068c                SysCtlUSBPLLEnable
 .text.SysCtlUSBPLLDisable
                0x0001069e       0x12 c:/ICPDAS/HMIWorks_Standard/lib/VPD-133-H-V.a(sysctl.o)
                0x0001069e                SysCtlUSBPLLDisable
 .text.SysCtlVCOGet
                0x000106b0       0x6c c:/ICPDAS/HMIWorks_Standard/lib/VPD-133-H-V.a(sysctl.o)
                0x000106b0                SysCtlVCOGet
 .text.I2CMIntHandler
                0x0001071c      0x34e c:/ICPDAS/HMIWorks_Standard/lib/VPD-133-H-V.a(i2cm_drv.o)
                0x0001071c                I2CMIntHandler
 .text.I2CMInit
                0x00010a6a       0x3c c:/ICPDAS/HMIWorks_Standard/lib/VPD-133-H-V.a(i2cm_drv.o)
                0x00010a6a                I2CMInit
 .text.hmi_EEPBL_SetUsbUpdateRequest
                0x00010aa6       0x52 c:/ICPDAS/HMIWorks_Standard/lib/VPD-133-H-V.a(eeprom_bl.o)
                0x00010aa6                hmi_EEPBL_SetUsbUpdateRequest
 .text.ClearIdleTimers
                0x00010af8       0x1e c:/ICPDAS/HMIWorks_Standard/lib/VPD-133-H-V.a(usbdhid.o)
 .text.ScheduleReportTransmission
                0x00010b16       0x4a c:/ICPDAS/HMIWorks_Standard/lib/VPD-133-H-V.a(usbdhid.o)
 .text.HandleConfigChange
                0x00010b60       0x30 c:/ICPDAS/HMIWorks_Standard/lib/VPD-133-H-V.a(usbdhid.o)
 .text.HandleDevice
                0x00010b90       0x52 c:/ICPDAS/HMIWorks_Standard/lib/VPD-133-H-V.a(usbdhid.o)
 .text.HandleDisconnect
                0x00010be2       0x1e c:/ICPDAS/HMIWorks_Standard/lib/VPD-133-H-V.a(usbdhid.o)
 .text.HandleReset
                0x00010c00        0x4 c:/ICPDAS/HMIWorks_Standard/lib/VPD-133-H-V.a(usbdhid.o)
 .text.HandleSuspend
                0x00010c04       0x14 c:/ICPDAS/HMIWorks_Standard/lib/VPD-133-H-V.a(usbdhid.o)
 .text.HandleResume
                0x00010c18       0x14 c:/ICPDAS/HMIWorks_Standard/lib/VPD-133-H-V.a(usbdhid.o)
 .text.HandleEP0DataReceived
                0x00010c2c       0x2e c:/ICPDAS/HMIWorks_Standard/lib/VPD-133-H-V.a(usbdhid.o)
 .text.HandleEP0DataSent
                0x00010c5a       0x26 c:/ICPDAS/HMIWorks_Standard/lib/VPD-133-H-V.a(usbdhid.o)
 .text.HandleGetDescriptor
                0x00010c80       0x9e c:/ICPDAS/HMIWorks_Standard/lib/VPD-133-H-V.a(usbdhid.o)
 .text.USBDHIDCompositeInit
                0x00010d1e       0xd2 c:/ICPDAS/HMIWorks_Standard/lib/VPD-133-H-V.a(usbdhid.o)
                0x00010d1e                USBDHIDCompositeInit
 .text.USBDHIDReportWrite
                0x00010df0       0x74 c:/ICPDAS/HMIWorks_Standard/lib/VPD-133-H-V.a(usbdhid.o)
                0x00010df0                USBDHIDReportWrite
 .text.ProcessIdleTimers
                0x00010e64       0xa2 c:/ICPDAS/HMIWorks_Standard/lib/VPD-133-H-V.a(usbdhid.o)
 .text.HandleRequest
                0x00010f06      0x1b2 c:/ICPDAS/HMIWorks_Standard/lib/VPD-133-H-V.a(usbdhid.o)
 .text.HIDTickHandler
                0x000110b8       0x40 c:/ICPDAS/HMIWorks_Standard/lib/VPD-133-H-V.a(usbdhid.o)
 .text.HandleEndpoints
                0x000110f8       0xee c:/ICPDAS/HMIWorks_Standard/lib/VPD-133-H-V.a(usbdhid.o)
 .text.hmi_FillRect
                0x000111e6       0x28 c:/ICPDAS/HMIWorks_Standard/lib/commonlomf.a(hmi.o)
                0x000111e6                hmi_FillRect
 .text.hmi_SetForeground
                0x0001120e       0x10 c:/ICPDAS/HMIWorks_Standard/lib/commonlomf.a(hmi.o)
                0x0001120e                hmi_SetForeground
 .text.CRC16    0x0001121e       0x2a c:/ICPDAS/HMIWorks_Standard/lib/commonlomf.a(hmi.o)
                0x0001121e                CRC16
 .text.LongToDecString
                0x00011248       0xa4 c:/ICPDAS/HMIWorks_Standard/lib/commonlomf.a(hmi_util.o)
                0x00011248                LongToDecString
 .text.hmi_WdtClear
                0x000112ec       0x1e c:/ICPDAS/HMIWorks_Standard/lib/commonlomf.a(hmi_util.o)
                0x000112ec                hmi_WdtClear
 .text.hmi_WdtEnable
                0x0001130a       0x74 c:/ICPDAS/HMIWorks_Standard/lib/commonlomf.a(hmi_util.o)
                0x0001130a                hmi_WdtEnable
 .text.default_input
                0x0001137e        0x4 c:/ICPDAS/HMIWorks_Standard/lib/commonlomf.a(ladder2c.o)
                0x0001137e                default_input
 .text.default_output
                0x00011382       0xc4 c:/ICPDAS/HMIWorks_Standard/lib/commonlomf.a(ladder2c.o)
                0x00011382                default_output
 .text.var_get  0x00011446       0x24 c:/ICPDAS/HMIWorks_Standard/lib/commonlomf.a(pvar.o)
                0x00011446                var_get
 .text.var_value
                0x0001146a       0x1c c:/ICPDAS/HMIWorks_Standard/lib/commonlomf.a(pvar.o)
                0x0001146a                var_value
 .text.var_set  0x00011486       0x4e c:/ICPDAS/HMIWorks_Standard/lib/commonlomf.a(pvar.o)
                0x00011486                var_set
 .text.var_display
                0x000114d4        0x8 c:/ICPDAS/HMIWorks_Standard/lib/commonlomf.a(pvar.o)
                0x000114d4                var_display
 .text.var_is_dirty
                0x000114dc        0x8 c:/ICPDAS/HMIWorks_Standard/lib/commonlomf.a(pvar.o)
                0x000114dc                var_is_dirty
 .text.var_set_write_data
                0x000114e4       0x4e c:/ICPDAS/HMIWorks_Standard/lib/commonlomf.a(pvar.o)
                0x000114e4                var_set_write_data
 .text.ParamLoadDefault
                0x00011532       0x1c c:/ICPDAS/HMIWorks_Standard/lib/commonlomf.a(params.o)
                0x00011532                ParamLoadDefault
 .text.ParamLoad
                0x0001154e       0x2a c:/ICPDAS/HMIWorks_Standard/lib/commonlomf.a(params.o)
                0x0001154e                ParamLoad
 .text.ParamInit
                0x00011578       0x2c c:/ICPDAS/HMIWorks_Standard/lib/commonlomf.a(params.o)
                0x00011578                ParamInit
 .text.LoadTouchScreenParam
                0x000115a4       0xde c:/ICPDAS/HMIWorks_Standard/lib/commonlomf.a(params.o)
                0x000115a4                LoadTouchScreenParam
 .text.EEPBIsValid
                0x00011682       0x5a c:/ICPDAS/HMIWorks_Standard/lib/commonlomf.a(eeprom_pb.o)
 .text.EEPBGet  0x000116dc       0x18 c:/ICPDAS/HMIWorks_Standard/lib/commonlomf.a(eeprom_pb.o)
                0x000116dc                EEPBGet
 .text.EEPBInit
                0x000116f4       0xa2 c:/ICPDAS/HMIWorks_Standard/lib/commonlomf.a(eeprom_pb.o)
                0x000116f4                EEPBInit
 .text.CanvasMsgProc
                0x00011796      0x230 c:/ICPDAS/HMIWorks_Standard/lib/libgrwmf.a(canvas.o)
                0x00011796                CanvasMsgProc
 .text.CheckBoxPaint
                0x000119c6      0x2b6 c:/ICPDAS/HMIWorks_Standard/lib/libgrwmf.a(checkbox.o)
                0x000119c6                CheckBoxPaint
 .text.CheckBoxMsgProc
                0x00011c7c       0xc2 c:/ICPDAS/HMIWorks_Standard/lib/libgrwmf.a(checkbox.o)
                0x00011c7c                CheckBoxMsgProc
 .text.GrLibInit
                0x00011d3e        0xc c:/ICPDAS/HMIWorks_Standard/lib/libgrwmf.a(context.o)
                0x00011d3e                GrLibInit
 .text.GrContextInit
                0x00011d4a       0x66 c:/ICPDAS/HMIWorks_Standard/lib/libgrwmf.a(context.o)
                0x00011d4a                GrContextInit
 .text.GrContextClipRegionSet
                0x00011db0       0x62 c:/ICPDAS/HMIWorks_Standard/lib/libgrwmf.a(context.o)
                0x00011db0                GrContextClipRegionSet
 .text.PixelTransparentDraw
                0x00011e12      0x2fc c:/ICPDAS/HMIWorks_Standard/lib/libgrwmf.a(image.o)
 .text.GrInternalImageDraw.constprop.0
                0x0001210e      0x45e c:/ICPDAS/HMIWorks_Standard/lib/libgrwmf.a(image.o)
 .text._GrImageDraw
                0x0001256c        0xe c:/ICPDAS/HMIWorks_Standard/lib/libgrwmf.a(image.o)
                0x0001256c                _GrImageDraw
 .text.hmi_EnableDrawings
                0x0001257a        0xc c:/ICPDAS/HMIWorks_Standard/lib/libgrwmf.a(image.o)
                0x0001257a                hmi_EnableDrawings
 .text.GrClipCodeGet
                0x00012586       0x36 c:/ICPDAS/HMIWorks_Standard/lib/libgrwmf.a(line.o)
 .text.GrLineDrawH
                0x000125bc       0x48 c:/ICPDAS/HMIWorks_Standard/lib/libgrwmf.a(line.o)
                0x000125bc                GrLineDrawH
 .text.GrLineDrawV
                0x00012604       0x48 c:/ICPDAS/HMIWorks_Standard/lib/libgrwmf.a(line.o)
                0x00012604                GrLineDrawV
 .text.GrLineDraw
                0x0001264c      0x162 c:/ICPDAS/HMIWorks_Standard/lib/libgrwmf.a(line.o)
                0x0001264c                GrLineDraw
 .text._GrRectFill
                0x000127ae       0x9a c:/ICPDAS/HMIWorks_Standard/lib/libgrwmf.a(rectangle.o)
                0x000127ae                _GrRectFill
 .text.GrRectDraw
                0x00012848       0x66 c:/ICPDAS/HMIWorks_Standard/lib/libgrwmf.a(rectangle.o)
                0x00012848                GrRectDraw
 .text.GrStringDraw
                0x000128ae        0xc c:/ICPDAS/HMIWorks_Standard/lib/libgrwmf.a(string.o)
                0x000128ae                GrStringDraw
 .text.GrStringNextCharGet
                0x000128ba       0x30 c:/ICPDAS/HMIWorks_Standard/lib/libgrwmf.a(string.o)
                0x000128ba                GrStringNextCharGet
 .text.GrFontGlyphRender
                0x000128ea      0x270 c:/ICPDAS/HMIWorks_Standard/lib/libgrwmf.a(string.o)
                0x000128ea                GrFontGlyphRender
 .text.GrFontInfoGet
                0x00012b5a       0x30 c:/ICPDAS/HMIWorks_Standard/lib/libgrwmf.a(string.o)
                0x00012b5a                GrFontInfoGet
 .text.GrFontHeightGet
                0x00012b8a       0x2c c:/ICPDAS/HMIWorks_Standard/lib/libgrwmf.a(string.o)
                0x00012b8a                GrFontHeightGet
 .text.GrFontGlyphDataGet
                0x00012bb6       0x8a c:/ICPDAS/HMIWorks_Standard/lib/libgrwmf.a(string.o)
                0x00012bb6                GrFontGlyphDataGet
 .text.GrStringWidthGet
                0x00012c40       0x6c c:/ICPDAS/HMIWorks_Standard/lib/libgrwmf.a(string.o)
                0x00012c40                GrStringWidthGet
 .text.GrDefaultStringRenderer
                0x00012cac       0xb0 c:/ICPDAS/HMIWorks_Standard/lib/libgrwmf.a(string.o)
                0x00012cac                GrDefaultStringRenderer
 .text.GrFontCodepageGet
                0x00012d5c       0x2e c:/ICPDAS/HMIWorks_Standard/lib/libgrwmf.a(string.o)
                0x00012d5c                GrFontCodepageGet
 .text.UpdateContextCharMapping
                0x00012d8a       0x44 c:/ICPDAS/HMIWorks_Standard/lib/libgrwmf.a(string.o)
 .text.GrContextFontSet
                0x00012dce        0x6 c:/ICPDAS/HMIWorks_Standard/lib/libgrwmf.a(string.o)
                0x00012dce                GrContextFontSet
 .text.RAM_RegisterNullWidgetMsgProc
                0x00012dd4        0xc c:/ICPDAS/HMIWorks_Standard/lib/libgrwmf.a(widget.o)
                0x00012dd4                RAM_RegisterNullWidgetMsgProc
 .text.RAM_WidgetMutexGet
                0x00012de0       0x14 c:/ICPDAS/HMIWorks_Standard/lib/libgrwmf.a(widget.o)
                0x00012de0                RAM_WidgetMutexGet
 .text.WidgetIsInTree
                0x00012df4       0x2a c:/ICPDAS/HMIWorks_Standard/lib/libgrwmf.a(widget.o)
 .text.WidgetDefaultMsgProc
                0x00012e1e        0x4 c:/ICPDAS/HMIWorks_Standard/lib/libgrwmf.a(widget.o)
                0x00012e1e                WidgetDefaultMsgProc
 .text.RAM_WidgetAdd
                0x00012e22       0x1e c:/ICPDAS/HMIWorks_Standard/lib/libgrwmf.a(widget.o)
                0x00012e22                RAM_WidgetAdd
 .text.RAM_WidgetMessageSendPreOrder
                0x00012e40       0x74 c:/ICPDAS/HMIWorks_Standard/lib/libgrwmf.a(widget.o)
                0x00012e40                RAM_WidgetMessageSendPreOrder
 .text.RAM_hmi_TurnTouchBeep
                0x00012eb4        0xc c:/ICPDAS/HMIWorks_Standard/lib/libgrwmf.a(widget.o)
                0x00012eb4                RAM_hmi_TurnTouchBeep
 .text.RAM_WidgetMessageQueueClear
                0x00012ec0       0x64 c:/ICPDAS/HMIWorks_Standard/lib/libgrwmf.a(widget.o)
                0x00012ec0                RAM_WidgetMessageQueueClear
 .text.RAM_WidgetPointerMessage
                0x00012f24       0x26 c:/ICPDAS/HMIWorks_Standard/lib/libgrwmf.a(widget.o)
                0x00012f24                RAM_WidgetPointerMessage
 .text.RAM_WidgetMessageSendPostOrder
                0x00012f4a       0xd6 c:/ICPDAS/HMIWorks_Standard/lib/libgrwmf.a(widget.o)
                0x00012f4a                RAM_WidgetMessageSendPostOrder
 .text.RAM_WidgetRemove
                0x00013020       0x4a c:/ICPDAS/HMIWorks_Standard/lib/libgrwmf.a(widget.o)
                0x00013020                RAM_WidgetRemove
 .text.RAM_WidgetMessageQueueAdd
                0x0001306a      0x12a c:/ICPDAS/HMIWorks_Standard/lib/libgrwmf.a(widget.o)
                0x0001306a                RAM_WidgetMessageQueueAdd
 .text.RAM_WidgetMutexPut
                0x00013194        0x6 c:/ICPDAS/HMIWorks_Standard/lib/libgrwmf.a(widget.o)
                0x00013194                RAM_WidgetMutexPut
 .text.WidgetRegisterToggleLCDProc
                0x0001319a        0xc c:/ICPDAS/HMIWorks_Standard/lib/libgrwmf.a(widget.o)
                0x0001319a                WidgetRegisterToggleLCDProc
 .text.WidgetToggleLCD
                0x000131a6       0x10 c:/ICPDAS/HMIWorks_Standard/lib/libgrwmf.a(widget.o)
                0x000131a6                WidgetToggleLCD
 .text.RAM_WidgetMessageQueueProcess
                0x000131b6      0x140 c:/ICPDAS/HMIWorks_Standard/lib/libgrwmf.a(widget.o)
                0x000131b6                RAM_WidgetMessageQueueProcess
 .text.hmi_grlib_init
                0x000132f6       0x2a c:/ICPDAS/HMIWorks_Standard/lib/libgrwmf.a(hmi_grlib.o)
                0x000132f6                hmi_grlib_init
 .text.GrUtf8StringInit
                0x00013320       0x22 c:/ICPDAS/HMIWorks_Standard/lib/libgrwmf.a(unistr.o)
                0x00013320                GrUtf8StringInit
 .text.GrUtf8FontSizeSet
                0x00013342       0x90 c:/ICPDAS/HMIWorks_Standard/lib/libgrwmf.a(unistr.o)
                0x00013342                GrUtf8FontSizeSet
 .text.GrUtf8StringHeightGet
                0x000133d2       0x14 c:/ICPDAS/HMIWorks_Standard/lib/libgrwmf.a(unistr.o)
                0x000133d2                GrUtf8StringHeightGet
 .text.GrUtf8StringWidthGet
                0x000133e6       0xda c:/ICPDAS/HMIWorks_Standard/lib/libgrwmf.a(unistr.o)
                0x000133e6                GrUtf8StringWidthGet
 .text.GrUtf8StringDraw
                0x000134c0      0x34a c:/ICPDAS/HMIWorks_Standard/lib/libgrwmf.a(unistr.o)
                0x000134c0                GrUtf8StringDraw
 .text.GrMapISO8859_1_Unicode
                0x0001380a        0x8 c:/ICPDAS/HMIWorks_Standard/lib/libgrwmf.a(charmap.o)
                0x0001380a                GrMapISO8859_1_Unicode
 .text.GrMapUTF8_Unicode
                0x00013812       0x70 c:/ICPDAS/HMIWorks_Standard/lib/libgrwmf.a(charmap.o)
                0x00013812                GrMapUTF8_Unicode
 .text.GrMapUnicode_Unicode
                0x00013882        0xe c:/ICPDAS/HMIWorks_Standard/lib/libgrwmf.a(charmap.o)
                0x00013882                GrMapUnicode_Unicode
 .text.ADCIntEnable
                0x00013890       0x10 c:/ICPDAS/HMIWorks_Standard/lib/libdrivermf.a(adc.o)
                0x00013890                ADCIntEnable
 .text.ADCSequenceEnable
                0x000138a0        0xe c:/ICPDAS/HMIWorks_Standard/lib/libdrivermf.a(adc.o)
                0x000138a0                ADCSequenceEnable
 .text.ADCSequenceConfigure
                0x000138ae       0x4a c:/ICPDAS/HMIWorks_Standard/lib/libdrivermf.a(adc.o)
                0x000138ae                ADCSequenceConfigure
 .text.ADCSequenceStepConfigure
                0x000138f8       0x84 c:/ICPDAS/HMIWorks_Standard/lib/libdrivermf.a(adc.o)
                0x000138f8                ADCSequenceStepConfigure
 .text.ADCHardwareOversampleConfigure
                0x0001397c       0x10 c:/ICPDAS/HMIWorks_Standard/lib/libdrivermf.a(adc.o)
                0x0001397c                ADCHardwareOversampleConfigure
 .text.CPUcpsid
                0x0001398c        0x8 c:/ICPDAS/HMIWorks_Standard/lib/libdrivermf.a(cpu.o)
                0x0001398c                CPUcpsid
 .text.CPUcpsie
                0x00013994        0x8 c:/ICPDAS/HMIWorks_Standard/lib/libdrivermf.a(cpu.o)
                0x00013994                CPUcpsie
 .text._EEPROMWaitForDone
                0x0001399c       0x10 c:/ICPDAS/HMIWorks_Standard/lib/libdrivermf.a(eeprom.o)
 .text._EEPROMSectorMaskSet
                0x000139ac       0x46 c:/ICPDAS/HMIWorks_Standard/lib/libdrivermf.a(eeprom.o)
 .text._EEPROMSectorMaskClear
                0x000139f2       0x3e c:/ICPDAS/HMIWorks_Standard/lib/libdrivermf.a(eeprom.o)
 .text.EEPROMInit
                0x00013a30       0x3e c:/ICPDAS/HMIWorks_Standard/lib/libdrivermf.a(eeprom.o)
                0x00013a30                EEPROMInit
 .text.EEPROMRead
                0x00013a6e       0x34 c:/ICPDAS/HMIWorks_Standard/lib/libdrivermf.a(eeprom.o)
                0x00013a6e                EEPROMRead
 .text.EEPROMProgram
                0x00013aa2       0xe6 c:/ICPDAS/HMIWorks_Standard/lib/libdrivermf.a(eeprom.o)
                0x00013aa2                EEPROMProgram
 .text.EMACInit
                0x00013b88       0xa6 c:/ICPDAS/HMIWorks_Standard/lib/libdrivermf.a(emac.o)
                0x00013b88                EMACInit
 .text.EMACReset
                0x00013c2e       0x18 c:/ICPDAS/HMIWorks_Standard/lib/libdrivermf.a(emac.o)
                0x00013c2e                EMACReset
 .text.EMACPHYConfigSet
                0x00013c46       0x76 c:/ICPDAS/HMIWorks_Standard/lib/libdrivermf.a(emac.o)
                0x00013c46                EMACPHYConfigSet
 .text.EMACConfigSet
                0x00013cbc       0x30 c:/ICPDAS/HMIWorks_Standard/lib/libdrivermf.a(emac.o)
                0x00013cbc                EMACConfigSet
 .text.EMACConfigGet
                0x00013cec       0x36 c:/ICPDAS/HMIWorks_Standard/lib/libdrivermf.a(emac.o)
                0x00013cec                EMACConfigGet
 .text.EMACAddrSet
                0x00013d22       0x22 c:/ICPDAS/HMIWorks_Standard/lib/libdrivermf.a(emac.o)
                0x00013d22                EMACAddrSet
 .text.EMACAddrGet
                0x00013d44       0x28 c:/ICPDAS/HMIWorks_Standard/lib/libdrivermf.a(emac.o)
                0x00013d44                EMACAddrGet
 .text.EMACFrameFilterSet
                0x00013d6c       0x12 c:/ICPDAS/HMIWorks_Standard/lib/libdrivermf.a(emac.o)
                0x00013d6c                EMACFrameFilterSet
 .text.EMACTxDMAPollDemand
                0x00013d7e        0x8 c:/ICPDAS/HMIWorks_Standard/lib/libdrivermf.a(emac.o)
                0x00013d7e                EMACTxDMAPollDemand
 .text.EMACRxDMADescriptorListSet
                0x00013d86        0x6 c:/ICPDAS/HMIWorks_Standard/lib/libdrivermf.a(emac.o)
                0x00013d86                EMACRxDMADescriptorListSet
 .text.EMACTxDMADescriptorListSet
                0x00013d8c        0x6 c:/ICPDAS/HMIWorks_Standard/lib/libdrivermf.a(emac.o)
                0x00013d8c                EMACTxDMADescriptorListSet
 .text.EMACTxEnable
                0x00013d92       0x16 c:/ICPDAS/HMIWorks_Standard/lib/libdrivermf.a(emac.o)
                0x00013d92                EMACTxEnable
 .text.EMACRxEnable
                0x00013da8       0x16 c:/ICPDAS/HMIWorks_Standard/lib/libdrivermf.a(emac.o)
                0x00013da8                EMACRxEnable
 .text.EMACIntEnable
                0x00013dbe       0x3a c:/ICPDAS/HMIWorks_Standard/lib/libdrivermf.a(emac.o)
                0x00013dbe                EMACIntEnable
 .text.EMACIntStatus
                0x00013df8       0x30 c:/ICPDAS/HMIWorks_Standard/lib/libdrivermf.a(emac.o)
                0x00013df8                EMACIntStatus
 .text.EMACIntClear
                0x00013e28       0x34 c:/ICPDAS/HMIWorks_Standard/lib/libdrivermf.a(emac.o)
                0x00013e28                EMACIntClear
 .text.EMACPHYWrite
                0x00013e5c       0x2a c:/ICPDAS/HMIWorks_Standard/lib/libdrivermf.a(emac.o)
                0x00013e5c                EMACPHYWrite
 .text.EMACPHYRead
                0x00013e86       0x2c c:/ICPDAS/HMIWorks_Standard/lib/libdrivermf.a(emac.o)
                0x00013e86                EMACPHYRead
 .text.EMACPHYExtendedRead
                0x00013eb2       0x38 c:/ICPDAS/HMIWorks_Standard/lib/libdrivermf.a(emac.o)
                0x00013eb2                EMACPHYExtendedRead
 .text.EMACPHYExtendedWrite
                0x00013eea       0x3c c:/ICPDAS/HMIWorks_Standard/lib/libdrivermf.a(emac.o)
                0x00013eea                EMACPHYExtendedWrite
 .text.EMACTimestampIntStatus
                0x00013f26        0x6 c:/ICPDAS/HMIWorks_Standard/lib/libdrivermf.a(emac.o)
                0x00013f26                EMACTimestampIntStatus
 .text.EPIWorkaroundWordWrite
                0x00013f2c       0x12 c:/ICPDAS/HMIWorks_Standard/lib/libdrivermf.a(epi.o)
                0x00013f2c                EPIWorkaroundWordWrite
 .text.EPIWorkaroundWordRead
                0x00013f3e       0x16 c:/ICPDAS/HMIWorks_Standard/lib/libdrivermf.a(epi.o)
                0x00013f3e                EPIWorkaroundWordRead
 .text.EPIWorkaroundHWordWrite
                0x00013f54       0x12 c:/ICPDAS/HMIWorks_Standard/lib/libdrivermf.a(epi.o)
                0x00013f54                EPIWorkaroundHWordWrite
 .text.EPIWorkaroundHWordRead
                0x00013f66        0xa c:/ICPDAS/HMIWorks_Standard/lib/libdrivermf.a(epi.o)
                0x00013f66                EPIWorkaroundHWordRead
 .text.EPIModeSet
                0x00013f70        0x4 c:/ICPDAS/HMIWorks_Standard/lib/libdrivermf.a(epi.o)
                0x00013f70                EPIModeSet
 .text.EPIDividerSet
                0x00013f74        0x4 c:/ICPDAS/HMIWorks_Standard/lib/libdrivermf.a(epi.o)
                0x00013f74                EPIDividerSet
 .text.EPIConfigSDRAMSet
                0x00013f78       0x10 c:/ICPDAS/HMIWorks_Standard/lib/libdrivermf.a(epi.o)
                0x00013f78                EPIConfigSDRAMSet
 .text.EPIAddressMapSet
                0x00013f88        0x4 c:/ICPDAS/HMIWorks_Standard/lib/libdrivermf.a(epi.o)
                0x00013f88                EPIAddressMapSet
 .text.FlashProtectSet
                0x00013f8c       0x6a c:/ICPDAS/HMIWorks_Standard/lib/libdrivermf.a(flash.o)
                0x00013f8c                FlashProtectSet
 .text.FlashUserGet
                0x00013ff6       0x18 c:/ICPDAS/HMIWorks_Standard/lib/libdrivermf.a(flash.o)
                0x00013ff6                FlashUserGet
 .text.GPIODirModeSet
                0x0001400e       0x26 c:/ICPDAS/HMIWorks_Standard/lib/libdrivermf.a(gpio.o)
                0x0001400e                GPIODirModeSet
 .text.GPIOPadConfigSet
                0x00014034      0x106 c:/ICPDAS/HMIWorks_Standard/lib/libdrivermf.a(gpio.o)
                0x00014034                GPIOPadConfigSet
 .text.GPIOPinRead
                0x0001413a        0x6 c:/ICPDAS/HMIWorks_Standard/lib/libdrivermf.a(gpio.o)
                0x0001413a                GPIOPinRead
 .text.GPIOPinWrite
                0x00014140        0x6 c:/ICPDAS/HMIWorks_Standard/lib/libdrivermf.a(gpio.o)
                0x00014140                GPIOPinWrite
 .text.GPIOPinTypeCAN
                0x00014146       0x18 c:/ICPDAS/HMIWorks_Standard/lib/libdrivermf.a(gpio.o)
                0x00014146                GPIOPinTypeCAN
 .text.GPIOPinTypeComparatorOutput
                0x0001415e       0x18 c:/ICPDAS/HMIWorks_Standard/lib/libdrivermf.a(gpio.o)
                0x0001415e                GPIOPinTypeComparatorOutput
 .text.GPIOPinTypeEPI
                0x00014176        0x4 c:/ICPDAS/HMIWorks_Standard/lib/libdrivermf.a(gpio.o)
                0x00014176                GPIOPinTypeEPI
 .text.GPIOPinTypeEthernetLED
                0x0001417a        0x4 c:/ICPDAS/HMIWorks_Standard/lib/libdrivermf.a(gpio.o)
                0x0001417a                GPIOPinTypeEthernetLED
 .text.GPIOPinTypeGPIOInput
                0x0001417e       0x18 c:/ICPDAS/HMIWorks_Standard/lib/libdrivermf.a(gpio.o)
                0x0001417e                GPIOPinTypeGPIOInput
 .text.GPIOPinTypeGPIOOutput
                0x00014196       0x18 c:/ICPDAS/HMIWorks_Standard/lib/libdrivermf.a(gpio.o)
                0x00014196                GPIOPinTypeGPIOOutput
 .text.GPIOPinTypeI2C
                0x000141ae       0x18 c:/ICPDAS/HMIWorks_Standard/lib/libdrivermf.a(gpio.o)
                0x000141ae                GPIOPinTypeI2C
 .text.GPIOPinTypeI2CSCL
                0x000141c6        0x4 c:/ICPDAS/HMIWorks_Standard/lib/libdrivermf.a(gpio.o)
                0x000141c6                GPIOPinTypeI2CSCL
 .text.GPIOPinTypeLCD
                0x000141ca        0x4 c:/ICPDAS/HMIWorks_Standard/lib/libdrivermf.a(gpio.o)
                0x000141ca                GPIOPinTypeLCD
 .text.GPIOPinTypePWM
                0x000141ce        0x4 c:/ICPDAS/HMIWorks_Standard/lib/libdrivermf.a(gpio.o)
                0x000141ce                GPIOPinTypePWM
 .text.GPIOPinTypeSSI
                0x000141d2        0x4 c:/ICPDAS/HMIWorks_Standard/lib/libdrivermf.a(gpio.o)
                0x000141d2                GPIOPinTypeSSI
 .text.GPIOPinTypeTimer
                0x000141d6        0x4 c:/ICPDAS/HMIWorks_Standard/lib/libdrivermf.a(gpio.o)
                0x000141d6                GPIOPinTypeTimer
 .text.GPIOPinTypeUART
                0x000141da        0x4 c:/ICPDAS/HMIWorks_Standard/lib/libdrivermf.a(gpio.o)
                0x000141da                GPIOPinTypeUART
 .text.GPIOPinConfigure
                0x000141de       0x46 c:/ICPDAS/HMIWorks_Standard/lib/libdrivermf.a(gpio.o)
                0x000141de                GPIOPinConfigure
 .text.IntMasterEnable
                0x00014224        0xe c:/ICPDAS/HMIWorks_Standard/lib/libdrivermf.a(interrupt.o)
                0x00014224                IntMasterEnable
 .text.IntMasterDisable
                0x00014232        0xe c:/ICPDAS/HMIWorks_Standard/lib/libdrivermf.a(interrupt.o)
                0x00014232                IntMasterDisable
 .text.IntEnable
                0x00014240       0x6c c:/ICPDAS/HMIWorks_Standard/lib/libdrivermf.a(interrupt.o)
                0x00014240                IntEnable
 .text.IntDisable
                0x000142ac       0x6c c:/ICPDAS/HMIWorks_Standard/lib/libdrivermf.a(interrupt.o)
                0x000142ac                IntDisable
 .text.IntIsEnabled
                0x00014318       0x6a c:/ICPDAS/HMIWorks_Standard/lib/libdrivermf.a(interrupt.o)
                0x00014318                IntIsEnabled
 .text.LCDModeSet
                0x00014382       0x1e c:/ICPDAS/HMIWorks_Standard/lib/libdrivermf.a(lcd.o)
                0x00014382                LCDModeSet
 .text.LCDClockReset
                0x000143a0       0x1e c:/ICPDAS/HMIWorks_Standard/lib/libdrivermf.a(lcd.o)
                0x000143a0                LCDClockReset
 .text.LCDRasterConfigSet
                0x000143be        0x8 c:/ICPDAS/HMIWorks_Standard/lib/libdrivermf.a(lcd.o)
                0x000143be                LCDRasterConfigSet
 .text.LCDRasterTimingSet
                0x000143c6       0x96 c:/ICPDAS/HMIWorks_Standard/lib/libdrivermf.a(lcd.o)
                0x000143c6                LCDRasterTimingSet
 .text.LCDRasterEnable
                0x0001445c       0x14 c:/ICPDAS/HMIWorks_Standard/lib/libdrivermf.a(lcd.o)
                0x0001445c                LCDRasterEnable
 .text.LCDDMAConfigSet
                0x00014470        0x4 c:/ICPDAS/HMIWorks_Standard/lib/libdrivermf.a(lcd.o)
                0x00014470                LCDDMAConfigSet
 .text.LCDRasterPaletteSet
                0x00014474       0x58 c:/ICPDAS/HMIWorks_Standard/lib/libdrivermf.a(lcd.o)
                0x00014474                LCDRasterPaletteSet
 .text.LCDRasterFrameBufferSet
                0x000144cc       0x12 c:/ICPDAS/HMIWorks_Standard/lib/libdrivermf.a(lcd.o)
                0x000144cc                LCDRasterFrameBufferSet
 .text.LCDIntEnable
                0x000144de        0x4 c:/ICPDAS/HMIWorks_Standard/lib/libdrivermf.a(lcd.o)
                0x000144de                LCDIntEnable
 .text.LCDIntStatus
                0x000144e2        0xa c:/ICPDAS/HMIWorks_Standard/lib/libdrivermf.a(lcd.o)
                0x000144e2                LCDIntStatus
 .text.LCDIntClear
                0x000144ec        0x4 c:/ICPDAS/HMIWorks_Standard/lib/libdrivermf.a(lcd.o)
                0x000144ec                LCDIntClear
 .text.PWMGenConfigure
                0x000144f0       0x2c c:/ICPDAS/HMIWorks_Standard/lib/libdrivermf.a(pwm.o)
                0x000144f0                PWMGenConfigure
 .text.PWMGenPeriodSet
                0x0001451c       0x12 c:/ICPDAS/HMIWorks_Standard/lib/libdrivermf.a(pwm.o)
                0x0001451c                PWMGenPeriodSet
 .text.PWMGenEnable
                0x0001452e        0xa c:/ICPDAS/HMIWorks_Standard/lib/libdrivermf.a(pwm.o)
                0x0001452e                PWMGenEnable
 .text.PWMGenDisable
                0x00014538        0xa c:/ICPDAS/HMIWorks_Standard/lib/libdrivermf.a(pwm.o)
                0x00014538                PWMGenDisable
 .text.PWMPulseWidthSet
                0x00014542       0x1e c:/ICPDAS/HMIWorks_Standard/lib/libdrivermf.a(pwm.o)
                0x00014542                PWMPulseWidthSet
 .text.PWMSyncUpdate
                0x00014560        0x4 c:/ICPDAS/HMIWorks_Standard/lib/libdrivermf.a(pwm.o)
                0x00014560                PWMSyncUpdate
 .text.PWMOutputState
                0x00014564       0x10 c:/ICPDAS/HMIWorks_Standard/lib/libdrivermf.a(pwm.o)
                0x00014564                PWMOutputState
 .text.PWMOutputInvert
                0x00014574       0x10 c:/ICPDAS/HMIWorks_Standard/lib/libdrivermf.a(pwm.o)
                0x00014574                PWMOutputInvert
 .text.PWMClockSet
                0x00014584       0x14 c:/ICPDAS/HMIWorks_Standard/lib/libdrivermf.a(pwm.o)
                0x00014584                PWMClockSet
 .text.SSIConfigSetExpClk
                0x00014598       0x38 c:/ICPDAS/HMIWorks_Standard/lib/libdrivermf.a(ssi.o)
                0x00014598                SSIConfigSetExpClk
 .text.SSIEnable
                0x000145d0        0xa c:/ICPDAS/HMIWorks_Standard/lib/libdrivermf.a(ssi.o)
                0x000145d0                SSIEnable
 .text.SSIDataPut
                0x000145da        0xa c:/ICPDAS/HMIWorks_Standard/lib/libdrivermf.a(ssi.o)
                0x000145da                SSIDataPut
 .text.SSIDataGet
                0x000145e4        0xc c:/ICPDAS/HMIWorks_Standard/lib/libdrivermf.a(ssi.o)
                0x000145e4                SSIDataGet
 .text.SSIDataGetNonBlocking
                0x000145f0       0x12 c:/ICPDAS/HMIWorks_Standard/lib/libdrivermf.a(ssi.o)
                0x000145f0                SSIDataGetNonBlocking
 .text.SysTickEnable
                0x00014602        0xe c:/ICPDAS/HMIWorks_Standard/lib/libdrivermf.a(systick.o)
                0x00014602                SysTickEnable
 .text.SysTickIntEnable
                0x00014610        0xe c:/ICPDAS/HMIWorks_Standard/lib/libdrivermf.a(systick.o)
                0x00014610                SysTickIntEnable
 .text.SysTickPeriodSet
                0x0001461e        0xa c:/ICPDAS/HMIWorks_Standard/lib/libdrivermf.a(systick.o)
                0x0001461e                SysTickPeriodSet
 .text.TimerEnable
                0x00014628       0x10 c:/ICPDAS/HMIWorks_Standard/lib/libdrivermf.a(timer.o)
                0x00014628                TimerEnable
 .text.TimerDisable
                0x00014638       0x12 c:/ICPDAS/HMIWorks_Standard/lib/libdrivermf.a(timer.o)
                0x00014638                TimerDisable
 .text.TimerConfigure
                0x0001464a       0x5c c:/ICPDAS/HMIWorks_Standard/lib/libdrivermf.a(timer.o)
                0x0001464a                TimerConfigure
 .text.TimerControlTrigger
                0x000146a6       0x4e c:/ICPDAS/HMIWorks_Standard/lib/libdrivermf.a(timer.o)
                0x000146a6                TimerControlTrigger
 .text.TimerPrescaleSet
                0x000146f4       0x10 c:/ICPDAS/HMIWorks_Standard/lib/libdrivermf.a(timer.o)
                0x000146f4                TimerPrescaleSet
 .text.TimerLoadSet
                0x00014704       0x10 c:/ICPDAS/HMIWorks_Standard/lib/libdrivermf.a(timer.o)
                0x00014704                TimerLoadSet
 .text.TimerMatchSet